Jan 31 16:20:37 cu-cs-vm rsyslogd: [origin software="rsyslogd" swVersion="8.16.0" x-pid="776" x-info="http://www.rsyslog.com"] rsyslogd was HUPed
Jan 31 16:21:15 cu-cs-vm anacron[740]: Job `cron.daily' terminated
Jan 31 16:21:15 cu-cs-vm anacron[740]: Normal exit (1 job run)
Jan 31 16:25:37 cu-cs-vm uptimed: moving up to position 8: 0 days, 00:10:11
Jan 31 16:27:25 cu-cs-vm dbus[749]: [system] Activating via systemd: service name='org.bluez' unit='dbus-org.bluez.service'
Jan 31 16:27:26 cu-cs-vm org.gnome.keyring.SystemPrompter[1238]: Gtk-Message: GtkDialog mapped without a transient parent. This is discouraged.
Jan 31 16:27:28 cu-cs-vm org.gnome.keyring.SystemPrompter[1238]: Gtk-Message: GtkDialog mapped without a transient parent. This is discouraged.
Jan 31 16:27:28 cu-cs-vm org.gnome.keyring.SystemPrompter[1238]: Gtk-Message: GtkDialog mapped without a transient parent. This is discouraged.
Jan 31 16:27:29 cu-cs-vm org.gnome.keyring.SystemPrompter[1238]: Gtk-Message: GtkDialog mapped without a transient parent. This is discouraged.
Jan 31 16:28:55 cu-cs-vm dhclient[967]: DHCPREQUEST of 172.16.162.128 on ens33 to 172.16.162.254 port 67 (xid=0x340a780b)
Jan 31 16:28:55 cu-cs-vm dhclient[967]: DHCPACK of 172.16.162.128 from 172.16.162.254
Jan 31 16:28:55 cu-cs-vm NetworkManager[760]: <info>  [1517441335.8897]   address 172.16.162.128
Jan 31 16:28:55 cu-cs-vm NetworkManager[760]: <info>  [1517441335.8910]   plen 24 (255.255.255.0)
Jan 31 16:28:55 cu-cs-vm NetworkManager[760]: <info>  [1517441335.8918]   gateway 172.16.162.2
Jan 31 16:28:55 cu-cs-vm NetworkManager[760]: <info>  [1517441335.8923]   server identifier 172.16.162.254
Jan 31 16:28:55 cu-cs-vm NetworkManager[760]: <info>  [1517441335.8928]   lease time 1800
Jan 31 16:28:55 cu-cs-vm NetworkManager[760]: <info>  [1517441335.8932]   nameserver '172.16.162.2'
Jan 31 16:28:55 cu-cs-vm NetworkManager[760]: <info>  [1517441335.8937]   domain name 'localdomain'
Jan 31 16:28:55 cu-cs-vm NetworkManager[760]: <info>  [1517441335.8941]   wins '172.16.162.2'
Jan 31 16:28:55 cu-cs-vm NetworkManager[760]: <info>  [1517441335.8947] dhcp4 (ens33): state changed bound -> bound
Jan 31 16:28:55 cu-cs-vm dbus[749]: [system] Activating via systemd: service name='org.freedesktop.nm_dispatcher' unit='dbus-org.freedesktop.nm-dispatcher.service'
Jan 31 16:28:55 cu-cs-vm dhclient[967]: bound to 172.16.162.128 -- renewal in 751 seconds.
Jan 31 16:28:55 cu-cs-vm systemd[1]: Starting Network Manager Script Dispatcher Service...
Jan 31 16:28:55 cu-cs-vm dbus[749]: [system] Successfully activated service 'org.freedesktop.nm_dispatcher'
Jan 31 16:28:55 cu-cs-vm systemd[1]: Started Network Manager Script Dispatcher Service.
Jan 31 16:28:55 cu-cs-vm nm-dispatcher: req:1 'dhcp4-change' [ens33]: new request (1 scripts)
Jan 31 16:28:55 cu-cs-vm nm-dispatcher: req:1 'dhcp4-change' [ens33]: start running ordered scripts...
Jan 31 16:30:31 cu-cs-vm systemd[1]: Starting Cleanup of Temporary Directories...
Jan 31 16:30:31 cu-cs-vm systemd-tmpfiles[2678]: [/usr/lib/tmpfiles.d/var.conf:14] Duplicate line for path "/var/log", ignoring.
Jan 31 16:30:31 cu-cs-vm systemd[1]: Started Cleanup of Temporary Directories.
Jan 31 16:35:37 cu-cs-vm uptimed: moving up to position 4: 0 days, 00:20:11
Jan 31 16:41:26 cu-cs-vm dhclient[967]: DHCPREQUEST of 172.16.162.128 on ens33 to 172.16.162.254 port 67 (xid=0x340a780b)
Jan 31 16:41:26 cu-cs-vm dhclient[967]: DHCPACK of 172.16.162.128 from 172.16.162.254
Jan 31 16:41:26 cu-cs-vm NetworkManager[760]: <info>  [1517442086.9170]   address 172.16.162.128
Jan 31 16:41:26 cu-cs-vm NetworkManager[760]: <info>  [1517442086.9171]   plen 24 (255.255.255.0)
Jan 31 16:41:26 cu-cs-vm NetworkManager[760]: <info>  [1517442086.9171]   gateway 172.16.162.2
Jan 31 16:41:26 cu-cs-vm NetworkManager[760]: <info>  [1517442086.9171]   server identifier 172.16.162.254
Jan 31 16:41:26 cu-cs-vm NetworkManager[760]: <info>  [1517442086.9171]   lease time 1800
Jan 31 16:41:26 cu-cs-vm NetworkManager[760]: <info>  [1517442086.9171]   nameserver '172.16.162.2'
Jan 31 16:41:26 cu-cs-vm NetworkManager[760]: <info>  [1517442086.9171]   domain name 'localdomain'
Jan 31 16:41:26 cu-cs-vm NetworkManager[760]: <info>  [1517442086.9172]   wins '172.16.162.2'
Jan 31 16:41:26 cu-cs-vm NetworkManager[760]: <info>  [1517442086.9247] dhcp4 (ens33): state changed bound -> bound
Jan 31 16:41:26 cu-cs-vm dbus[749]: [system] Activating via systemd: service name='org.freedesktop.nm_dispatcher' unit='dbus-org.freedesktop.nm-dispatcher.service'
Jan 31 16:41:26 cu-cs-vm systemd[1]: Starting Network Manager Script Dispatcher Service...
Jan 31 16:41:26 cu-cs-vm dhclient[967]: bound to 172.16.162.128 -- renewal in 697 seconds.
Jan 31 16:41:26 cu-cs-vm dbus[749]: [system] Successfully activated service 'org.freedesktop.nm_dispatcher'
Jan 31 16:41:26 cu-cs-vm systemd[1]: Started Network Manager Script Dispatcher Service.
Jan 31 16:41:26 cu-cs-vm nm-dispatcher: req:1 'dhcp4-change' [ens33]: new request (1 scripts)
Jan 31 16:41:26 cu-cs-vm nm-dispatcher: req:1 'dhcp4-change' [ens33]: start running ordered scripts...
Jan 31 16:49:18 cu-cs-vm systemd[1]: Stopping ACPI event daemon...
Jan 31 16:49:18 cu-cs-vm systemd[1]: Stopped target Graphical Interface.
Jan 31 16:49:18 cu-cs-vm systemd[1]: Stopping Light Display Manager...
Jan 31 16:49:18 cu-cs-vm systemd[1]: Stopping Daemon for generating UUIDs...
Jan 31 16:49:18 cu-cs-vm systemd[1]: Stopped target Timers.
Jan 31 16:49:18 cu-cs-vm systemd[1]: Stopped Daily apt upgrade and clean activities.
Jan 31 16:49:18 cu-cs-vm systemd[1]: Stopped Daily apt download activities.
Jan 31 16:49:18 cu-cs-vm systemd[1]: Closed Load/Save RF Kill Switch Status /dev/rfkill Watch.
Jan 31 16:49:18 cu-cs-vm systemd[1]: Stopping Daemon for power management...
Jan 31 16:49:18 cu-cs-vm systemd[1]: Stopped Timer to automatically refresh installed snaps.
Jan 31 16:49:18 cu-cs-vm systemd[1]: Stopped target System Time Synchronized.
Jan 31 16:49:18 cu-cs-vm systemd[1]: Stopping User Manager for UID 1000...
Jan 31 16:49:18 cu-cs-vm systemd[1]: Stopping Accounts Service...
Jan 31 16:49:18 cu-cs-vm systemd[1]: Stopping Session c1 of user user.
Jan 31 16:49:19 cu-cs-vm systemd[1163]: Stopped target Default.
Jan 31 16:49:19 cu-cs-vm systemd[1163]: Reached target Shutdown.
Jan 31 16:49:19 cu-cs-vm systemd[1163]: Starting Exit the Session...
Jan 31 16:49:19 cu-cs-vm systemd[1163]: Stopped target Basic System.
Jan 31 16:49:19 cu-cs-vm systemd[1163]: Stopped target Sockets.
Jan 31 16:49:19 cu-cs-vm systemd[1163]: Stopped target Timers.
Jan 31 16:49:19 cu-cs-vm systemd[1163]: Stopped target Paths.
Jan 31 16:49:19 cu-cs-vm systemd[1]: Stopping Disk Manager...
Jan 31 16:49:19 cu-cs-vm systemd[1]: Stopping Authenticate and Authorize Users to Run Privileged Tasks...
Jan 31 16:49:19 cu-cs-vm systemd[1]: Stopped Daily Cleanup of Temporary Directories.
Jan 31 16:49:19 cu-cs-vm systemd[1]: Stopping RealtimeKit Scheduling Policy Service...
Jan 31 16:49:19 cu-cs-vm systemd[1]: Stopped target Multi-User System.
Jan 31 16:49:19 cu-cs-vm systemd[1]: Stopping Snappy daemon...
Jan 31 16:49:19 cu-cs-vm systemd[1]: Stopping LSB: Load kernel image with kexec...
Jan 31 16:49:19 cu-cs-vm systemd[1]: Stopping Make remote CUPS printers available locally...
Jan 31 16:49:19 cu-cs-vm systemd[1]: Stopping LSB: Set the CPU Frequency Scaling governor to "ondemand"...
Jan 31 16:49:19 cu-cs-vm systemd[1]: Stopped target Login Prompts.
Jan 31 16:49:19 cu-cs-vm systemd[1]: Stopping Getty on tty1...
Jan 31 16:49:19 cu-cs-vm systemd[1]: Stopping Unattended Upgrades Shutdown...
Jan 31 16:49:20 cu-cs-vm rsyslogd: [origin software="rsyslogd" swVersion="8.16.0" x-pid="776" x-info="http://www.rsyslog.com"] exiting on signal 15.
Jan 31 16:49:47 cu-cs-vm rsyslogd: [origin software="rsyslogd" swVersion="8.16.0" x-pid="759" x-info="http://www.rsyslog.com"] start
Jan 31 16:49:47 cu-cs-vm rsyslogd-2222: command 'KLogPermitNonKernelFacility' is currently not permitted - did you already set it via a RainerScript command (v6+ config)? [v8.16.0 try http://www.rsyslog.com/e/2222 ]
Jan 31 16:49:47 cu-cs-vm rsyslogd: rsyslogd's groupid changed to 108
Jan 31 16:49:47 cu-cs-vm rsyslogd: rsyslogd's userid changed to 104
Jan 31 16:49:47 cu-cs-vm systemd-modules-load[340]: Inserted module 'lp'
Jan 31 16:49:47 cu-cs-vm systemd-modules-load[340]: Inserted module 'ppdev'
Jan 31 16:49:47 cu-cs-vm systemd-modules-load[340]: Inserted module 'parport_pc'
Jan 31 16:49:47 cu-cs-vm systemd[1]: Mounted VMware vmblock fuse mount.
Jan 31 16:49:47 cu-cs-vm systemd[1]: Started Load Kernel Modules.
Jan 31 16:49:47 cu-cs-vm systemd[1]: Mounting FUSE Control File System...
Jan 31 16:49:47 cu-cs-vm systemd[1]: Starting Apply Kernel Variables...
Jan 31 16:49:47 cu-cs-vm systemd[1]: Mounting Configuration File System...
Jan 31 16:49:47 cu-cs-vm systemd[1]: Mounted FUSE Control File System.
Jan 31 16:49:47 cu-cs-vm systemd[1]: Mounted Configuration File System.
Jan 31 16:49:47 cu-cs-vm systemd[1]: Started Apply Kernel Variables.
Jan 31 16:49:47 cu-cs-vm systemd[1]: Started Create Static Device Nodes in /dev.
Jan 31 16:49:47 cu-cs-vm systemd[1]: Starting udev Kernel Device Manager...
Jan 31 16:49:47 cu-cs-vm loadkeys[357]: Loading /etc/console-setup/cached.kmap.gz
Jan 31 16:49:47 cu-cs-vm systemd[1]: Started Set console keymap.
Jan 31 16:49:47 cu-cs-vm systemd[1]: Started udev Kernel Device Manager.
Jan 31 16:49:47 cu-cs-vm systemd[1]: Starting Remount Root and Kernel File Systems...
Jan 31 16:49:47 cu-cs-vm systemd[1]: Started Remount Root and Kernel File Systems.
Jan 31 16:49:47 cu-cs-vm systemd[1]: Starting udev Coldplug all Devices...
Jan 31 16:49:47 cu-cs-vm systemd[1]: Reached target Local File Systems (Pre).
Jan 31 16:49:47 cu-cs-vm systemd[1]: Starting Load/Save Random Seed...
Jan 31 16:49:47 cu-cs-vm systemd[1]: Starting Flush Journal to Persistent Storage...
Jan 31 16:49:47 cu-cs-vm systemd[1]: Started Load/Save Random Seed.
Jan 31 16:49:47 cu-cs-vm systemd[1]: Started Flush Journal to Persistent Storage.
Jan 31 16:49:47 cu-cs-vm systemd[1]: Started udev Coldplug all Devices.
Jan 31 16:49:47 cu-cs-vm systemd[1]: Started Dispatch Password Requests to Console Directory Watch.
Jan 31 16:49:47 cu-cs-vm mtp-probe: checking bus 2, device 2: "/sys/devices/pci0000:00/0000:00:11.0/0000:02:00.0/usb2/2-1"
Jan 31 16:49:47 cu-cs-vm mtp-probe: bus: 2, device: 2 was not an MTP device
Jan 31 16:49:47 cu-cs-vm systemd[1]: Listening on Load/Save RF Kill Switch Status /dev/rfkill Watch.
Jan 31 16:49:47 cu-cs-vm systemd[1]: Found device VMware_Virtual_SATA_Hard_Drive 1.
Jan 31 16:49:47 cu-cs-vm systemd[1]: Starting File System Check on /dev/disk/by-uuid/bb1213fd-aa15-420b-8d34-682b907abadc...
Jan 31 16:49:47 cu-cs-vm systemd[1]: Started File System Check Daemon to report status.
Jan 31 16:49:47 cu-cs-vm systemd[1]: Started File System Check on /dev/disk/by-uuid/bb1213fd-aa15-420b-8d34-682b907abadc.
Jan 31 16:49:47 cu-cs-vm systemd[1]: Mounting /home...
Jan 31 16:49:47 cu-cs-vm systemd[1]: Mounted /home.
Jan 31 16:49:47 cu-cs-vm systemd[1]: Reached target Local File Systems.
Jan 31 16:49:47 cu-cs-vm systemd[1]: Starting LSB: AppArmor initialization...
Jan 31 16:49:47 cu-cs-vm systemd[1]: Starting Set console font and keymap...
Jan 31 16:49:47 cu-cs-vm systemd[1]: Starting Enable support for additional executable binary formats...
Jan 31 16:49:47 cu-cs-vm systemd[1]: Starting Create Volatile Files and Directories...
Jan 31 16:49:47 cu-cs-vm systemd[1]: Starting Tell Plymouth To Write Out Runtime Data...
Jan 31 16:49:47 cu-cs-vm systemd-tmpfiles[610]: [/usr/lib/tmpfiles.d/var.conf:14] Duplicate line for path "/var/log", ignoring.
Jan 31 16:49:47 cu-cs-vm systemd[1]: proc-sys-fs-binfmt_misc.automount: Got automount request for /proc/sys/fs/binfmt_misc, triggered by 609 (update-binfmts)
Jan 31 16:49:47 cu-cs-vm systemd[1]: Mounting Arbitrary Executable File Formats File System...
Jan 31 16:49:47 cu-cs-vm systemd[1]: Started Tell Plymouth To Write Out Runtime Data.
Jan 31 16:49:47 cu-cs-vm systemd[1]: Started Create Volatile Files and Directories.
Jan 31 16:49:47 cu-cs-vm systemd[1]: Starting Update UTMP about System Boot/Shutdown...
Jan 31 16:49:47 cu-cs-vm systemd[1]: Starting Network Time Synchronization...
Jan 31 16:49:47 cu-cs-vm systemd[1]: Mounted Arbitrary Executable File Formats File System.
Jan 31 16:49:47 cu-cs-vm systemd[1]: Started Enable support for additional executable binary formats.
Jan 31 16:49:47 cu-cs-vm systemd[1]: Started Network Time Synchronization.
Jan 31 16:49:47 cu-cs-vm systemd[1]: Reached target System Time Synchronized.
Jan 31 16:49:47 cu-cs-vm systemd[1]: Started Update UTMP about System Boot/Shutdown.
Jan 31 16:49:47 cu-cs-vm apparmor[607]:  * Starting AppArmor profiles
Jan 31 16:49:47 cu-cs-vm systemd[1]: Started Set console font and keymap.
Jan 31 16:49:47 cu-cs-vm systemd[1]: Created slice system-getty.slice.
Jan 31 16:49:47 cu-cs-vm apparmor[607]: Skipping profile in /etc/apparmor.d/disable: usr.bin.firefox
Jan 31 16:49:47 cu-cs-vm apparmor[607]: Skipping profile in /etc/apparmor.d/disable: usr.sbin.rsyslogd
Jan 31 16:49:47 cu-cs-vm apparmor[607]:    ...done.
Jan 31 16:49:47 cu-cs-vm systemd[1]: Started LSB: AppArmor initialization.
Jan 31 16:49:47 cu-cs-vm systemd[1]: Starting Raise network interfaces...
Jan 31 16:49:47 cu-cs-vm systemd[1]: Reached target System Initialization.
Jan 31 16:49:47 cu-cs-vm systemd[1]: Listening on ACPID Listen Socket.
Jan 31 16:49:47 cu-cs-vm systemd[1]: Listening on CUPS Scheduler.
Jan 31 16:49:47 cu-cs-vm systemd[1]: Started ACPI Events Check.
Jan 31 16:49:47 cu-cs-vm systemd[1]: Started Daily Cleanup of Temporary Directories.
Jan 31 16:49:47 cu-cs-vm systemd[1]: Starting Socket activation for snappy daemon.
Jan 31 16:49:47 cu-cs-vm systemd[1]: Listening on Avahi mDNS/DNS-SD Stack Activation Socket.
Jan 31 16:49:47 cu-cs-vm rsyslogd-2039: Could not open output pipe '/dev/xconsole':: No such file or directory [v8.16.0 try http://www.rsyslog.com/e/2039 ]
Jan 31 16:49:47 cu-cs-vm rsyslogd-2007: action 'action 10' suspended, next retry is Wed Jan 31 16:50:17 2018 [v8.16.0 try http://www.rsyslog.com/e/2007 ]
Jan 31 16:49:47 cu-cs-vm systemd[1]: Started CUPS Scheduler.
Jan 31 16:49:47 cu-cs-vm systemd[1]: Reached target Paths.
Jan 31 16:49:47 cu-cs-vm systemd[1]: Listening on UUID daemon activation socket.
Jan 31 16:49:47 cu-cs-vm systemd[1]: Started Timer to automatically refresh installed snaps.
Jan 31 16:49:47 cu-cs-vm systemd[1]: Listening on D-Bus System Message Bus Socket.
Jan 31 16:49:47 cu-cs-vm systemd[1]: Listening on Socket activation for snappy daemon.
Jan 31 16:49:47 cu-cs-vm systemd[1]: Reached target Sockets.
Jan 31 16:49:47 cu-cs-vm systemd[1]: Reached target Basic System.
Jan 31 16:49:47 cu-cs-vm systemd[1]: Starting Initialize hardware monitoring sensors...
Jan 31 16:49:47 cu-cs-vm systemd[1]: Started Run anacron jobs.
Jan 31 16:49:47 cu-cs-vm systemd[1]: Starting LSB: automatic crash report generation...
Jan 31 16:49:47 cu-cs-vm systemd[1]: Starting LSB: daemon to balance interrupts for SMP systems...
Jan 31 16:49:47 cu-cs-vm systemd[1]: Starting Restore /etc/resolv.conf if the system crashed before the ppp link was shut down...
Jan 31 16:49:47 cu-cs-vm systemd[1]: Started CUPS Scheduler.
Jan 31 16:49:47 cu-cs-vm systemd[1]: Starting Avahi mDNS/DNS-SD Stack...
Jan 31 16:49:47 cu-cs-vm systemd[1]: Starting LSB: Record successful boot for GRUB...
Jan 31 16:49:47 cu-cs-vm systemd[1]: Starting Permit User Sessions...
Jan 31 16:49:47 cu-cs-vm systemd[1]: Starting Snappy daemon...
Jan 31 16:49:47 cu-cs-vm systemd[1]: Starting LSB: Speech Dispatcher...
Jan 31 16:49:47 cu-cs-vm anacron[738]: Anacron 2.3 started on 2018-01-31
Jan 31 16:49:47 cu-cs-vm systemd[1]: Started ACPI event daemon.
Jan 31 16:49:47 cu-cs-vm systemd[1]: Started Service for virtual machines hosted on VMware.
Jan 31 16:49:47 cu-cs-vm systemd[1]: Started uptime record daemon.
Jan 31 16:49:47 cu-cs-vm systemd[1]: Starting Login Service...
Jan 31 16:49:47 cu-cs-vm anacron[738]: Normal exit (0 jobs run)
Jan 31 16:49:47 cu-cs-vm systemd[1]: Starting Detect the available GPUs and deal with any system changes...
Jan 31 16:49:47 cu-cs-vm systemd[1]: Starting Accounts Service...
Jan 31 16:49:47 cu-cs-vm systemd[1]: Starting LSB: Set the CPU Frequency Scaling governor to "ondemand"...
Jan 31 16:49:47 cu-cs-vm systemd[1]: Starting Thermal Daemon Service...
Jan 31 16:49:47 cu-cs-vm systemd[1]: Starting Modem Manager...
Jan 31 16:49:47 cu-cs-vm systemd[1]: Starting System Logging Service...
Jan 31 16:49:47 cu-cs-vm systemd[1]: Starting LSB: Execute the kexec -e command to reboot system...
Jan 31 16:49:47 cu-cs-vm systemd[1]: Started D-Bus System Message Bus.
Jan 31 16:49:47 cu-cs-vm gpu-manager[754]: /etc/modprobe.d is not a file
Jan 31 16:49:47 cu-cs-vm gpu-manager[754]: message repeated 4 times: [ /etc/modprobe.d is not a file]
Jan 31 16:49:47 cu-cs-vm gpu-manager[754]: Error: can't open /lib/modules/4.13.13-helloworld-r1/updates/dkms
Jan 31 16:49:47 cu-cs-vm gpu-manager[754]: Error: can't open /lib/modules/4.13.13-helloworld-r1/updates/dkms
Jan 31 16:49:47 cu-cs-vm gpu-manager[754]: update-alternatives: error: no alternatives for x86_64-linux-gnu_gfxcore_conf
Jan 31 16:49:47 cu-cs-vm ModemManager[758]: <info>  ModemManager (version 1.4.12) starting in system bus...
Jan 31 16:49:47 cu-cs-vm sensors[737]: No sensors found!
Jan 31 16:49:47 cu-cs-vm sensors[737]: Make sure you loaded all the kernel drivers you need.
Jan 31 16:49:47 cu-cs-vm sensors[737]: Try sensors-detect to find out which these are.
Jan 31 16:49:47 cu-cs-vm kernel: [    0.000000] random: get_random_bytes called from start_kernel+0x42/0x504 with crng_init=0
Jan 31 16:49:47 cu-cs-vm kernel: [    0.000000] Linux version 4.13.13-helloworld-r1 (root@cu-cs-vm) (gcc version 5.4.0 20160609 (Ubuntu 5.4.0-6ubuntu1~16.04.5)) #2 SMP Wed Jan 31 16:44:52 MST 2018 (Ubuntu 4.13.0-26.29~16.04.2-generic 4.13.13)
Jan 31 16:49:47 cu-cs-vm kernel: [    0.000000] Command line: BOOT_IMAGE=/@/boot/vmlinuz-4.13.13-helloworld-r1 root=UUID=bb1213fd-aa15-420b-8d34-682b907abadc ro rootflags=subvol=@ crashkernel=384M-2G:128M,2G-:256M
Jan 31 16:49:47 cu-cs-vm kernel: [    0.000000] KERNEL supported cpus:
Jan 31 16:49:47 cu-cs-vm kernel: [    0.000000]   Intel GenuineIntel
Jan 31 16:49:47 cu-cs-vm kernel: [    0.000000]   AMD AuthenticAMD
Jan 31 16:49:47 cu-cs-vm kernel: [    0.000000]   Centaur CentaurHauls
Jan 31 16:49:47 cu-cs-vm kernel: [    0.000000] Disabled fast string operations
Jan 31 16:49:47 cu-cs-vm kernel: [    0.000000] x86/fpu: Supporting XSAVE feature 0x001: 'x87 floating point registers'
Jan 31 16:49:47 cu-cs-vm kernel: [    0.000000] x86/fpu: Supporting XSAVE feature 0x002: 'SSE registers'
Jan 31 16:49:47 cu-cs-vm kernel: [    0.000000] x86/fpu: Supporting XSAVE feature 0x004: 'AVX registers'
Jan 31 16:49:47 cu-cs-vm kernel: [    0.000000] x86/fpu: xstate_offset[2]:  576, xstate_sizes[2]:  256
Jan 31 16:49:47 cu-cs-vm kernel: [    0.000000] x86/fpu: Enabled xstate features 0x7, context size is 832 bytes, using 'standard' format.
Jan 31 16:49:47 cu-cs-vm kernel: [    0.000000] e820: BIOS-provided physical RAM map:
Jan 31 16:49:47 cu-cs-vm kernel: [    0.000000] BIOS-e820: [mem 0x0000000000000000-0x000000000009e7ff] usable
Jan 31 16:49:47 cu-cs-vm kernel: [    0.000000] BIOS-e820: [mem 0x000000000009e800-0x000000000009ffff] reserved
Jan 31 16:49:47 cu-cs-vm kernel: [    0.000000] BIOS-e820: [mem 0x00000000000dc000-0x00000000000fffff] reserved
Jan 31 16:49:47 cu-cs-vm kernel: [    0.000000] BIOS-e820: [mem 0x0000000000100000-0x000000007fedffff] usable
Jan 31 16:49:47 cu-cs-vm kernel: [    0.000000] BIOS-e820: [mem 0x000000007fee0000-0x000000007fefefff] ACPI data
Jan 31 16:49:47 cu-cs-vm kernel: [    0.000000] BIOS-e820: [mem 0x000000007feff000-0x000000007fefffff] ACPI NVS
Jan 31 16:49:47 cu-cs-vm kernel: [    0.000000] BIOS-e820: [mem 0x000000007ff00000-0x000000007fffffff] usable
Jan 31 16:49:47 cu-cs-vm kernel: [    0.000000] BIOS-e820: [mem 0x00000000f0000000-0x00000000f7ffffff] reserved
Jan 31 16:49:47 cu-cs-vm kernel: [    0.000000] BIOS-e820: [mem 0x00000000fec00000-0x00000000fec0ffff] reserved
Jan 31 16:49:47 cu-cs-vm kernel: [    0.000000] BIOS-e820: [mem 0x00000000fee00000-0x00000000fee00fff] reserved
Jan 31 16:49:47 cu-cs-vm kernel: [    0.000000] BIOS-e820: [mem 0x00000000fffe0000-0x00000000ffffffff] reserved
Jan 31 16:49:47 cu-cs-vm kernel: [    0.000000] NX (Execute Disable) protection: active
Jan 31 16:49:47 cu-cs-vm kernel: [    0.000000] random: fast init done
Jan 31 16:49:47 cu-cs-vm kernel: [    0.000000] SMBIOS 2.7 present.
Jan 31 16:49:47 cu-cs-vm kernel: [    0.000000] DMI: VMware, Inc. VMware Virtual Platform/440BX Desktop Reference Platform, BIOS 6.00 05/19/2017
Jan 31 16:49:47 cu-cs-vm kernel: [    0.000000] Hypervisor detected: VMware
Jan 31 16:49:47 cu-cs-vm kernel: [    0.000000] vmware: TSC freq read from hypervisor : 2195.013 MHz
Jan 31 16:49:47 cu-cs-vm kernel: [    0.000000] vmware: Host bus clock speed read from hypervisor : 66000000 Hz
Jan 31 16:49:47 cu-cs-vm kernel: [    0.000000] vmware: using sched offset of 9609144022 ns
Jan 31 16:49:47 cu-cs-vm kernel: [    0.000000] e820: update [mem 0x00000000-0x00000fff] usable ==> reserved
Jan 31 16:49:47 cu-cs-vm kernel: [    0.000000] e820: remove [mem 0x000a0000-0x000fffff] usable
Jan 31 16:49:47 cu-cs-vm kernel: [    0.000000] e820: last_pfn = 0x80000 max_arch_pfn = 0x400000000
Jan 31 16:49:47 cu-cs-vm kernel: [    0.000000] MTRR default type: uncachable
Jan 31 16:49:47 cu-cs-vm kernel: [    0.000000] MTRR fixed ranges enabled:
Jan 31 16:49:47 cu-cs-vm kernel: [    0.000000]   00000-9FFFF write-back
Jan 31 16:49:47 cu-cs-vm kernel: [    0.000000]   A0000-BFFFF uncachable
Jan 31 16:49:47 cu-cs-vm kernel: [    0.000000]   C0000-CBFFF write-protect
Jan 31 16:49:47 cu-cs-vm kernel: [    0.000000]   CC000-EFFFF uncachable
Jan 31 16:49:47 cu-cs-vm kernel: [    0.000000]   F0000-FFFFF write-protect
Jan 31 16:49:47 cu-cs-vm kernel: [    0.000000] MTRR variable ranges enabled:
Jan 31 16:49:47 cu-cs-vm kernel: [    0.000000]   0 base 000C0000000 mask 3FFC0000000 uncachable
Jan 31 16:49:47 cu-cs-vm kernel: [    0.000000]   1 base 00000000000 mask 3FF00000000 write-back
Jan 31 16:49:47 cu-cs-vm kernel: [    0.000000]   2 disabled
Jan 31 16:49:47 cu-cs-vm kernel: [    0.000000]   3 disabled
Jan 31 16:49:47 cu-cs-vm kernel: [    0.000000]   4 disabled
Jan 31 16:49:47 cu-cs-vm kernel: [    0.000000]   5 disabled
Jan 31 16:49:47 cu-cs-vm kernel: [    0.000000]   6 disabled
Jan 31 16:49:47 cu-cs-vm kernel: [    0.000000]   7 disabled
Jan 31 16:49:47 cu-cs-vm kernel: [    0.000000] x86/PAT: Configuration [0-7]: WB  WC  UC- UC  WB  WC  UC- WT  
Jan 31 16:49:47 cu-cs-vm kernel: [    0.000000] total RAM covered: 3072M
Jan 31 16:49:47 cu-cs-vm kernel: [    0.000000] Found optimal setting for mtrr clean up
Jan 31 16:49:47 cu-cs-vm kernel: [    0.000000]  gran_size: 64K 	chunk_size: 64K 	num_reg: 2  	lose cover RAM: 0G
Jan 31 16:49:47 cu-cs-vm kernel: [    0.000000] found SMP MP-table at [mem 0x000f6a80-0x000f6a8f] mapped at [ffff9acec00f6a80]
Jan 31 16:49:47 cu-cs-vm kernel: [    0.000000] Scanning 1 areas for low memory corruption
Jan 31 16:49:47 cu-cs-vm kernel: [    0.000000] Base memory trampoline at [ffff9acec0098000] 98000 size 24576
Jan 31 16:49:47 cu-cs-vm kernel: [    0.000000] BRK [0x7010a000, 0x7010afff] PGTABLE
Jan 31 16:49:47 cu-cs-vm kernel: [    0.000000] BRK [0x7010b000, 0x7010bfff] PGTABLE
Jan 31 16:49:47 cu-cs-vm kernel: [    0.000000] BRK [0x7010c000, 0x7010cfff] PGTABLE
Jan 31 16:49:47 cu-cs-vm kernel: [    0.000000] BRK [0x7010d000, 0x7010dfff] PGTABLE
Jan 31 16:49:47 cu-cs-vm kernel: [    0.000000] BRK [0x7010e000, 0x7010efff] PGTABLE
Jan 31 16:49:47 cu-cs-vm kernel: [    0.000000] BRK [0x7010f000, 0x7010ffff] PGTABLE
Jan 31 16:49:47 cu-cs-vm kernel: [    0.000000] RAMDISK: [mem 0x3467c000-0x36335fff]
Jan 31 16:49:47 cu-cs-vm kernel: [    0.000000] ACPI: Early table checksum verification disabled
Jan 31 16:49:47 cu-cs-vm kernel: [    0.000000] ACPI: RSDP 0x00000000000F6A10 000024 (v02 PTLTD )
Jan 31 16:49:47 cu-cs-vm kernel: [    0.000000] ACPI: XSDT 0x000000007FEEA69F 000054 (v01 INTEL  440BX    06040000 VMW  01324272)
Jan 31 16:49:47 cu-cs-vm kernel: [    0.000000] ACPI: FACP 0x000000007FEFEE73 0000F4 (v04 INTEL  440BX    06040000 PTL  000F4240)
Jan 31 16:49:47 cu-cs-vm kernel: [    0.000000] ACPI: DSDT 0x000000007FEEBE8F 012FE4 (v01 PTLTD  Custom   06040000 MSFT 03000001)
Jan 31 16:49:47 cu-cs-vm kernel: [    0.000000] ACPI: FACS 0x000000007FEFFFC0 000040
Jan 31 16:49:47 cu-cs-vm kernel: [    0.000000] ACPI: FACS 0x000000007FEFFFC0 000040
Jan 31 16:49:47 cu-cs-vm kernel: [    0.000000] ACPI: BOOT 0x000000007FEEBE67 000028 (v01 PTLTD  $SBFTBL$ 06040000  LTP 00000001)
Jan 31 16:49:47 cu-cs-vm kernel: [    0.000000] ACPI: APIC 0x000000007FEEB725 000742 (v01 PTLTD  ? APIC   06040000  LTP 00000000)
Jan 31 16:49:47 cu-cs-vm kernel: [    0.000000] ACPI: MCFG 0x000000007FEEB6E9 00003C (v01 PTLTD  $PCITBL$ 06040000  LTP 00000001)
Jan 31 16:49:47 cu-cs-vm kernel: [    0.000000] ACPI: SRAT 0x000000007FEEA757 0008A8 (v02 VMWARE MEMPLUG  06040000 VMW  00000001)
Jan 31 16:49:47 cu-cs-vm kernel: [    0.000000] ACPI: WAET 0x000000007FEEA72F 000028 (v01 VMWARE VMW WAET 06040000 VMW  00000001)
Jan 31 16:49:47 cu-cs-vm kernel: [    0.000000] ACPI: Local APIC address 0xfee00000
Jan 31 16:49:47 cu-cs-vm kernel: [    0.000000] system APIC only can use physical flat
Jan 31 16:49:47 cu-cs-vm kernel: [    0.000000] Setting APIC routing to physical flat.
Jan 31 16:49:47 cu-cs-vm kernel: [    0.000000] SRAT: PXM 0 -> APIC 0x00 -> Node 0
Jan 31 16:49:47 cu-cs-vm kernel: [    0.000000] SRAT: PXM 0 -> APIC 0x02 -> Node 0
Jan 31 16:49:47 cu-cs-vm kernel: [    0.000000] SRAT: PXM 0 -> APIC 0x04 -> Node 0
Jan 31 16:49:47 cu-cs-vm kernel: [    0.000000] SRAT: PXM 0 -> APIC 0x06 -> Node 0
Jan 31 16:49:47 cu-cs-vm kernel: [    0.000000] SRAT: PXM 0 -> APIC 0x08 -> Node 0
Jan 31 16:49:47 cu-cs-vm kernel: [    0.000000] SRAT: PXM 0 -> APIC 0x0a -> Node 0
Jan 31 16:49:47 cu-cs-vm kernel: [    0.000000] SRAT: PXM 0 -> APIC 0x0c -> Node 0
Jan 31 16:49:47 cu-cs-vm kernel: [    0.000000] SRAT: PXM 0 -> APIC 0x0e -> Node 0
Jan 31 16:49:47 cu-cs-vm kernel: [    0.000000] SRAT: PXM 0 -> APIC 0x10 -> Node 0
Jan 31 16:49:47 cu-cs-vm kernel: [    0.000000] SRAT: PXM 0 -> APIC 0x12 -> Node 0
Jan 31 16:49:47 cu-cs-vm kernel: [    0.000000] SRAT: PXM 0 -> APIC 0x14 -> Node 0
Jan 31 16:49:47 cu-cs-vm kernel: [    0.000000] SRAT: PXM 0 -> APIC 0x16 -> Node 0
Jan 31 16:49:47 cu-cs-vm kernel: [    0.000000] SRAT: PXM 0 -> APIC 0x18 -> Node 0
Jan 31 16:49:47 cu-cs-vm kernel: [    0.000000] SRAT: PXM 0 -> APIC 0x1a -> Node 0
Jan 31 16:49:47 cu-cs-vm kernel: [    0.000000] SRAT: PXM 0 -> APIC 0x1c -> Node 0
Jan 31 16:49:47 cu-cs-vm kernel: [    0.000000] SRAT: PXM 0 -> APIC 0x1e -> Node 0
Jan 31 16:49:47 cu-cs-vm kernel: [    0.000000] SRAT: PXM 0 -> APIC 0x20 -> Node 0
Jan 31 16:49:47 cu-cs-vm kernel: [    0.000000] SRAT: PXM 0 -> APIC 0x22 -> Node 0
Jan 31 16:49:47 cu-cs-vm kernel: [    0.000000] SRAT: PXM 0 -> APIC 0x24 -> Node 0
Jan 31 16:49:47 cu-cs-vm kernel: [    0.000000] SRAT: PXM 0 -> APIC 0x26 -> Node 0
Jan 31 16:49:47 cu-cs-vm kernel: [    0.000000] SRAT: PXM 0 -> APIC 0x28 -> Node 0
Jan 31 16:49:47 cu-cs-vm kernel: [    0.000000] SRAT: PXM 0 -> APIC 0x2a -> Node 0
Jan 31 16:49:47 cu-cs-vm kernel: [    0.000000] SRAT: PXM 0 -> APIC 0x2c -> Node 0
Jan 31 16:49:47 cu-cs-vm kernel: [    0.000000] SRAT: PXM 0 -> APIC 0x2e -> Node 0
Jan 31 16:49:47 cu-cs-vm kernel: [    0.000000] SRAT: PXM 0 -> APIC 0x30 -> Node 0
Jan 31 16:49:47 cu-cs-vm kernel: [    0.000000] SRAT: PXM 0 -> APIC 0x32 -> Node 0
Jan 31 16:49:47 cu-cs-vm kernel: [    0.000000] SRAT: PXM 0 -> APIC 0x34 -> Node 0
Jan 31 16:49:47 cu-cs-vm kernel: [    0.000000] SRAT: PXM 0 -> APIC 0x36 -> Node 0
Jan 31 16:49:47 cu-cs-vm kernel: [    0.000000] SRAT: PXM 0 -> APIC 0x38 -> Node 0
Jan 31 16:49:47 cu-cs-vm kernel: [    0.000000] SRAT: PXM 0 -> APIC 0x3a -> Node 0
Jan 31 16:49:47 cu-cs-vm kernel: [    0.000000] SRAT: PXM 0 -> APIC 0x3c -> Node 0
Jan 31 16:49:47 cu-cs-vm kernel: [    0.000000] SRAT: PXM 0 -> APIC 0x3e -> Node 0
Jan 31 16:49:47 cu-cs-vm kernel: [    0.000000] SRAT: PXM 0 -> APIC 0x40 -> Node 0
Jan 31 16:49:47 cu-cs-vm kernel: [    0.000000] SRAT: PXM 0 -> APIC 0x42 -> Node 0
Jan 31 16:49:47 cu-cs-vm kernel: [    0.000000] SRAT: PXM 0 -> APIC 0x44 -> Node 0
Jan 31 16:49:47 cu-cs-vm kernel: [    0.000000] SRAT: PXM 0 -> APIC 0x46 -> Node 0
Jan 31 16:49:47 cu-cs-vm kernel: [    0.000000] SRAT: PXM 0 -> APIC 0x48 -> Node 0
Jan 31 16:49:47 cu-cs-vm kernel: [    0.000000] SRAT: PXM 0 -> APIC 0x4a -> Node 0
Jan 31 16:49:47 cu-cs-vm kernel: [    0.000000] SRAT: PXM 0 -> APIC 0x4c -> Node 0
Jan 31 16:49:47 cu-cs-vm kernel: [    0.000000] SRAT: PXM 0 -> APIC 0x4e -> Node 0
Jan 31 16:49:47 cu-cs-vm kernel: [    0.000000] SRAT: PXM 0 -> APIC 0x50 -> Node 0
Jan 31 16:49:47 cu-cs-vm kernel: [    0.000000] SRAT: PXM 0 -> APIC 0x52 -> Node 0
Jan 31 16:49:47 cu-cs-vm kernel: [    0.000000] SRAT: PXM 0 -> APIC 0x54 -> Node 0
Jan 31 16:49:47 cu-cs-vm kernel: [    0.000000] SRAT: PXM 0 -> APIC 0x56 -> Node 0
Jan 31 16:49:47 cu-cs-vm kernel: [    0.000000] SRAT: PXM 0 -> APIC 0x58 -> Node 0
Jan 31 16:49:47 cu-cs-vm kernel: [    0.000000] SRAT: PXM 0 -> APIC 0x5a -> Node 0
Jan 31 16:49:47 cu-cs-vm kernel: [    0.000000] SRAT: PXM 0 -> APIC 0x5c -> Node 0
Jan 31 16:49:47 cu-cs-vm kernel: [    0.000000] SRAT: PXM 0 -> APIC 0x5e -> Node 0
Jan 31 16:49:47 cu-cs-vm kernel: [    0.000000] SRAT: PXM 0 -> APIC 0x60 -> Node 0
Jan 31 16:49:47 cu-cs-vm kernel: [    0.000000] SRAT: PXM 0 -> APIC 0x62 -> Node 0
Jan 31 16:49:47 cu-cs-vm kernel: [    0.000000] SRAT: PXM 0 -> APIC 0x64 -> Node 0
Jan 31 16:49:47 cu-cs-vm kernel: [    0.000000] SRAT: PXM 0 -> APIC 0x66 -> Node 0
Jan 31 16:49:47 cu-cs-vm kernel: [    0.000000] SRAT: PXM 0 -> APIC 0x68 -> Node 0
Jan 31 16:49:47 cu-cs-vm kernel: [    0.000000] SRAT: PXM 0 -> APIC 0x6a -> Node 0
Jan 31 16:49:47 cu-cs-vm kernel: [    0.000000] SRAT: PXM 0 -> APIC 0x6c -> Node 0
Jan 31 16:49:47 cu-cs-vm kernel: [    0.000000] SRAT: PXM 0 -> APIC 0x6e -> Node 0
Jan 31 16:49:47 cu-cs-vm kernel: [    0.000000] SRAT: PXM 0 -> APIC 0x70 -> Node 0
Jan 31 16:49:47 cu-cs-vm kernel: [    0.000000] SRAT: PXM 0 -> APIC 0x72 -> Node 0
Jan 31 16:49:47 cu-cs-vm kernel: [    0.000000] SRAT: PXM 0 -> APIC 0x74 -> Node 0
Jan 31 16:49:47 cu-cs-vm kernel: [    0.000000] SRAT: PXM 0 -> APIC 0x76 -> Node 0
Jan 31 16:49:47 cu-cs-vm kernel: [    0.000000] SRAT: PXM 0 -> APIC 0x78 -> Node 0
Jan 31 16:49:47 cu-cs-vm kernel: [    0.000000] SRAT: PXM 0 -> APIC 0x7a -> Node 0
Jan 31 16:49:47 cu-cs-vm kernel: [    0.000000] SRAT: PXM 0 -> APIC 0x7c -> Node 0
Jan 31 16:49:47 cu-cs-vm kernel: [    0.000000] SRAT: PXM 0 -> APIC 0x7e -> Node 0
Jan 31 16:49:47 cu-cs-vm kernel: [    0.000000] SRAT: PXM 0 -> APIC 0x80 -> Node 0
Jan 31 16:49:47 cu-cs-vm kernel: [    0.000000] SRAT: PXM 0 -> APIC 0x82 -> Node 0
Jan 31 16:49:47 cu-cs-vm kernel: [    0.000000] SRAT: PXM 0 -> APIC 0x84 -> Node 0
Jan 31 16:49:47 cu-cs-vm kernel: [    0.000000] SRAT: PXM 0 -> APIC 0x86 -> Node 0
Jan 31 16:49:47 cu-cs-vm kernel: [    0.000000] SRAT: PXM 0 -> APIC 0x88 -> Node 0
Jan 31 16:49:47 cu-cs-vm kernel: [    0.000000] SRAT: PXM 0 -> APIC 0x8a -> Node 0
Jan 31 16:49:47 cu-cs-vm kernel: [    0.000000] SRAT: PXM 0 -> APIC 0x8c -> Node 0
Jan 31 16:49:47 cu-cs-vm kernel: [    0.000000] SRAT: PXM 0 -> APIC 0x8e -> Node 0
Jan 31 16:49:47 cu-cs-vm kernel: [    0.000000] SRAT: PXM 0 -> APIC 0x90 -> Node 0
Jan 31 16:49:47 cu-cs-vm kernel: [    0.000000] SRAT: PXM 0 -> APIC 0x92 -> Node 0
Jan 31 16:49:47 cu-cs-vm kernel: [    0.000000] SRAT: PXM 0 -> APIC 0x94 -> Node 0
Jan 31 16:49:47 cu-cs-vm kernel: [    0.000000] SRAT: PXM 0 -> APIC 0x96 -> Node 0
Jan 31 16:49:47 cu-cs-vm kernel: [    0.000000] SRAT: PXM 0 -> APIC 0x98 -> Node 0
Jan 31 16:49:47 cu-cs-vm kernel: [    0.000000] SRAT: PXM 0 -> APIC 0x9a -> Node 0
Jan 31 16:49:47 cu-cs-vm kernel: [    0.000000] SRAT: PXM 0 -> APIC 0x9c -> Node 0
Jan 31 16:49:47 cu-cs-vm kernel: [    0.000000] SRAT: PXM 0 -> APIC 0x9e -> Node 0
Jan 31 16:49:47 cu-cs-vm kernel: [    0.000000] SRAT: PXM 0 -> APIC 0xa0 -> Node 0
Jan 31 16:49:47 cu-cs-vm kernel: [    0.000000] SRAT: PXM 0 -> APIC 0xa2 -> Node 0
Jan 31 16:49:47 cu-cs-vm kernel: [    0.000000] SRAT: PXM 0 -> APIC 0xa4 -> Node 0
Jan 31 16:49:47 cu-cs-vm kernel: [    0.000000] SRAT: PXM 0 -> APIC 0xa6 -> Node 0
Jan 31 16:49:47 cu-cs-vm kernel: [    0.000000] SRAT: PXM 0 -> APIC 0xa8 -> Node 0
Jan 31 16:49:47 cu-cs-vm kernel: [    0.000000] SRAT: PXM 0 -> APIC 0xaa -> Node 0
Jan 31 16:49:47 cu-cs-vm kernel: [    0.000000] SRAT: PXM 0 -> APIC 0xac -> Node 0
Jan 31 16:49:47 cu-cs-vm kernel: [    0.000000] SRAT: PXM 0 -> APIC 0xae -> Node 0
Jan 31 16:49:47 cu-cs-vm kernel: [    0.000000] SRAT: PXM 0 -> APIC 0xb0 -> Node 0
Jan 31 16:49:47 cu-cs-vm kernel: [    0.000000] SRAT: PXM 0 -> APIC 0xb2 -> Node 0
Jan 31 16:49:47 cu-cs-vm kernel: [    0.000000] SRAT: PXM 0 -> APIC 0xb4 -> Node 0
Jan 31 16:49:47 cu-cs-vm kernel: [    0.000000] SRAT: PXM 0 -> APIC 0xb6 -> Node 0
Jan 31 16:49:47 cu-cs-vm kernel: [    0.000000] SRAT: PXM 0 -> APIC 0xb8 -> Node 0
Jan 31 16:49:47 cu-cs-vm kernel: [    0.000000] SRAT: PXM 0 -> APIC 0xba -> Node 0
Jan 31 16:49:47 cu-cs-vm kernel: [    0.000000] SRAT: PXM 0 -> APIC 0xbc -> Node 0
Jan 31 16:49:47 cu-cs-vm kernel: [    0.000000] SRAT: PXM 0 -> APIC 0xbe -> Node 0
Jan 31 16:49:47 cu-cs-vm kernel: [    0.000000] SRAT: PXM 0 -> APIC 0xc0 -> Node 0
Jan 31 16:49:47 cu-cs-vm kernel: [    0.000000] SRAT: PXM 0 -> APIC 0xc2 -> Node 0
Jan 31 16:49:47 cu-cs-vm kernel: [    0.000000] SRAT: PXM 0 -> APIC 0xc4 -> Node 0
Jan 31 16:49:47 cu-cs-vm kernel: [    0.000000] SRAT: PXM 0 -> APIC 0xc6 -> Node 0
Jan 31 16:49:47 cu-cs-vm kernel: [    0.000000] SRAT: PXM 0 -> APIC 0xc8 -> Node 0
Jan 31 16:49:47 cu-cs-vm kernel: [    0.000000] SRAT: PXM 0 -> APIC 0xca -> Node 0
Jan 31 16:49:47 cu-cs-vm kernel: [    0.000000] SRAT: PXM 0 -> APIC 0xcc -> Node 0
Jan 31 16:49:47 cu-cs-vm kernel: [    0.000000] SRAT: PXM 0 -> APIC 0xce -> Node 0
Jan 31 16:49:47 cu-cs-vm kernel: [    0.000000] SRAT: PXM 0 -> APIC 0xd0 -> Node 0
Jan 31 16:49:47 cu-cs-vm kernel: [    0.000000] SRAT: PXM 0 -> APIC 0xd2 -> Node 0
Jan 31 16:49:47 cu-cs-vm kernel: [    0.000000] SRAT: PXM 0 -> APIC 0xd4 -> Node 0
Jan 31 16:49:47 cu-cs-vm kernel: [    0.000000] SRAT: PXM 0 -> APIC 0xd6 -> Node 0
Jan 31 16:49:47 cu-cs-vm kernel: [    0.000000] SRAT: PXM 0 -> APIC 0xd8 -> Node 0
Jan 31 16:49:47 cu-cs-vm kernel: [    0.000000] SRAT: PXM 0 -> APIC 0xda -> Node 0
Jan 31 16:49:47 cu-cs-vm kernel: [    0.000000] SRAT: PXM 0 -> APIC 0xdc -> Node 0
Jan 31 16:49:47 cu-cs-vm kernel: [    0.000000] SRAT: PXM 0 -> APIC 0xde -> Node 0
Jan 31 16:49:47 cu-cs-vm kernel: [    0.000000] SRAT: PXM 0 -> APIC 0xe0 -> Node 0
Jan 31 16:49:47 cu-cs-vm kernel: [    0.000000] SRAT: PXM 0 -> APIC 0xe2 -> Node 0
Jan 31 16:49:47 cu-cs-vm kernel: [    0.000000] SRAT: PXM 0 -> APIC 0xe4 -> Node 0
Jan 31 16:49:47 cu-cs-vm kernel: [    0.000000] SRAT: PXM 0 -> APIC 0xe6 -> Node 0
Jan 31 16:49:47 cu-cs-vm kernel: [    0.000000] SRAT: PXM 0 -> APIC 0xe8 -> Node 0
Jan 31 16:49:47 cu-cs-vm kernel: [    0.000000] SRAT: PXM 0 -> APIC 0xea -> Node 0
Jan 31 16:49:47 cu-cs-vm kernel: [    0.000000] SRAT: PXM 0 -> APIC 0xec -> Node 0
Jan 31 16:49:47 cu-cs-vm kernel: [    0.000000] SRAT: PXM 0 -> APIC 0xee -> Node 0
Jan 31 16:49:47 cu-cs-vm kernel: [    0.000000] SRAT: PXM 0 -> APIC 0xf0 -> Node 0
Jan 31 16:49:47 cu-cs-vm kernel: [    0.000000] SRAT: PXM 0 -> APIC 0xf2 -> Node 0
Jan 31 16:49:47 cu-cs-vm kernel: [    0.000000] SRAT: PXM 0 -> APIC 0xf4 -> Node 0
Jan 31 16:49:47 cu-cs-vm kernel: [    0.000000] SRAT: PXM 0 -> APIC 0xf6 -> Node 0
Jan 31 16:49:47 cu-cs-vm kernel: [    0.000000] SRAT: PXM 0 -> APIC 0xf8 -> Node 0
Jan 31 16:49:47 cu-cs-vm kernel: [    0.000000] SRAT: PXM 0 -> APIC 0xfa -> Node 0
Jan 31 16:49:47 cu-cs-vm kernel: [    0.000000] SRAT: PXM 0 -> APIC 0xfc -> Node 0
Jan 31 16:49:47 cu-cs-vm kernel: [    0.000000] SRAT: PXM 0 -> APIC 0xfe -> Node 0
Jan 31 16:49:47 cu-cs-vm kernel: [    0.000000] ACPI: SRAT: Node 0 PXM 0 [mem 0x00000000-0x0009ffff]
Jan 31 16:49:47 cu-cs-vm kernel: [    0.000000] ACPI: SRAT: Node 0 PXM 0 [mem 0x00100000-0x7fffffff]
Jan 31 16:49:47 cu-cs-vm kernel: [    0.000000] ACPI: SRAT: Node 0 PXM 0 [mem 0x80000000-0xbfffffff] hotplug
Jan 31 16:49:47 cu-cs-vm kernel: [    0.000000] NUMA: Node 0 [mem 0x00000000-0x0009ffff] + [mem 0x00100000-0x7fffffff] -> [mem 0x00000000-0x7fffffff]
Jan 31 16:49:47 cu-cs-vm kernel: [    0.000000] NODE_DATA(0) allocated [mem 0x7ffd5000-0x7fffffff]
Jan 31 16:49:47 cu-cs-vm kernel: [    0.000000] Reserving 128MB of memory at 704MB for crashkernel (System RAM: 2047MB)
Jan 31 16:49:47 cu-cs-vm kernel: [    0.000000] Zone ranges:
Jan 31 16:49:47 cu-cs-vm kernel: [    0.000000]   DMA      [mem 0x0000000000001000-0x0000000000ffffff]
Jan 31 16:49:47 cu-cs-vm kernel: [    0.000000]   DMA32    [mem 0x0000000001000000-0x000000007fffffff]
Jan 31 16:49:47 cu-cs-vm kernel: [    0.000000]   Normal   empty
Jan 31 16:49:47 cu-cs-vm kernel: [    0.000000]   Device   empty
Jan 31 16:49:47 cu-cs-vm kernel: [    0.000000] Movable zone start for each node
Jan 31 16:49:47 cu-cs-vm kernel: [    0.000000] Early memory node ranges
Jan 31 16:49:47 cu-cs-vm kernel: [    0.000000]   node   0: [mem 0x0000000000001000-0x000000000009dfff]
Jan 31 16:49:47 cu-cs-vm kernel: [    0.000000]   node   0: [mem 0x0000000000100000-0x000000007fedffff]
Jan 31 16:49:47 cu-cs-vm kernel: [    0.000000]   node   0: [mem 0x000000007ff00000-0x000000007fffffff]
Jan 31 16:49:47 cu-cs-vm kernel: [    0.000000] Initmem setup node 0 [mem 0x0000000000001000-0x000000007fffffff]
Jan 31 16:49:47 cu-cs-vm kernel: [    0.000000] On node 0 totalpages: 524157
Jan 31 16:49:47 cu-cs-vm kernel: [    0.000000]   DMA zone: 64 pages used for memmap
Jan 31 16:49:47 cu-cs-vm kernel: [    0.000000]   DMA zone: 21 pages reserved
Jan 31 16:49:47 cu-cs-vm kernel: [    0.000000]   DMA zone: 3997 pages, LIFO batch:0
Jan 31 16:49:47 cu-cs-vm kernel: [    0.000000]   DMA32 zone: 8128 pages used for memmap
Jan 31 16:49:47 cu-cs-vm kernel: [    0.000000]   DMA32 zone: 520160 pages, LIFO batch:31
Jan 31 16:49:47 cu-cs-vm kernel: [    0.000000] ACPI: PM-Timer IO Port: 0x1008
Jan 31 16:49:47 cu-cs-vm kernel: [    0.000000] ACPI: Local APIC address 0xfee00000
Jan 31 16:49:47 cu-cs-vm kernel: [    0.000000] system APIC only can use physical flat
Jan 31 16:49:47 cu-cs-vm kernel: [    0.000000] ACPI: LAPIC_NMI (acpi_id[0x00] high edge lint[0x1])
Jan 31 16:49:47 cu-cs-vm kernel: [    0.000000] ACPI: LAPIC_NMI (acpi_id[0x01] high edge lint[0x1])
Jan 31 16:49:47 cu-cs-vm kernel: [    0.000000] ACPI: LAPIC_NMI (acpi_id[0x02] high edge lint[0x1])
Jan 31 16:49:47 cu-cs-vm kernel: [    0.000000] ACPI: LAPIC_NMI (acpi_id[0x03] high edge lint[0x1])
Jan 31 16:49:47 cu-cs-vm kernel: [    0.000000] ACPI: LAPIC_NMI (acpi_id[0x04] high edge lint[0x1])
Jan 31 16:49:47 cu-cs-vm kernel: [    0.000000] ACPI: LAPIC_NMI (acpi_id[0x05] high edge lint[0x1])
Jan 31 16:49:47 cu-cs-vm kernel: [    0.000000] ACPI: LAPIC_NMI (acpi_id[0x06] high edge lint[0x1])
Jan 31 16:49:47 cu-cs-vm kernel: [    0.000000] ACPI: LAPIC_NMI (acpi_id[0x07] high edge lint[0x1])
Jan 31 16:49:47 cu-cs-vm kernel: [    0.000000] ACPI: LAPIC_NMI (acpi_id[0x08] high edge lint[0x1])
Jan 31 16:49:47 cu-cs-vm kernel: [    0.000000] ACPI: LAPIC_NMI (acpi_id[0x09] high edge lint[0x1])
Jan 31 16:49:47 cu-cs-vm kernel: [    0.000000] ACPI: LAPIC_NMI (acpi_id[0x0a] high edge lint[0x1])
Jan 31 16:49:47 cu-cs-vm kernel: [    0.000000] ACPI: LAPIC_NMI (acpi_id[0x0b] high edge lint[0x1])
Jan 31 16:49:47 cu-cs-vm kernel: [    0.000000] ACPI: LAPIC_NMI (acpi_id[0x0c] high edge lint[0x1])
Jan 31 16:49:47 cu-cs-vm kernel: [    0.000000] ACPI: LAPIC_NMI (acpi_id[0x0d] high edge lint[0x1])
Jan 31 16:49:47 cu-cs-vm kernel: [    0.000000] ACPI: LAPIC_NMI (acpi_id[0x0e] high edge lint[0x1])
Jan 31 16:49:47 cu-cs-vm kernel: [    0.000000] ACPI: LAPIC_NMI (acpi_id[0x0f] high edge lint[0x1])
Jan 31 16:49:47 cu-cs-vm kernel: [    0.000000] ACPI: LAPIC_NMI (acpi_id[0x10] high edge lint[0x1])
Jan 31 16:49:47 cu-cs-vm kernel: [    0.000000] ACPI: LAPIC_NMI (acpi_id[0x11] high edge lint[0x1])
Jan 31 16:49:47 cu-cs-vm kernel: [    0.000000] ACPI: LAPIC_NMI (acpi_id[0x12] high edge lint[0x1])
Jan 31 16:49:47 cu-cs-vm kernel: [    0.000000] ACPI: LAPIC_NMI (acpi_id[0x13] high edge lint[0x1])
Jan 31 16:49:47 cu-cs-vm kernel: [    0.000000] ACPI: LAPIC_NMI (acpi_id[0x14] high edge lint[0x1])
Jan 31 16:49:47 cu-cs-vm kernel: [    0.000000] ACPI: LAPIC_NMI (acpi_id[0x15] high edge lint[0x1])
Jan 31 16:49:47 cu-cs-vm kernel: [    0.000000] ACPI: LAPIC_NMI (acpi_id[0x16] high edge lint[0x1])
Jan 31 16:49:47 cu-cs-vm kernel: [    0.000000] ACPI: LAPIC_NMI (acpi_id[0x17] high edge lint[0x1])
Jan 31 16:49:47 cu-cs-vm kernel: [    0.000000] ACPI: LAPIC_NMI (acpi_id[0x18] high edge lint[0x1])
Jan 31 16:49:47 cu-cs-vm kernel: [    0.000000] ACPI: LAPIC_NMI (acpi_id[0x19] high edge lint[0x1])
Jan 31 16:49:47 cu-cs-vm kernel: [    0.000000] ACPI: LAPIC_NMI (acpi_id[0x1a] high edge lint[0x1])
Jan 31 16:49:47 cu-cs-vm kernel: [    0.000000] ACPI: LAPIC_NMI (acpi_id[0x1b] high edge lint[0x1])
Jan 31 16:49:47 cu-cs-vm kernel: [    0.000000] ACPI: LAPIC_NMI (acpi_id[0x1c] high edge lint[0x1])
Jan 31 16:49:47 cu-cs-vm kernel: [    0.000000] ACPI: LAPIC_NMI (acpi_id[0x1d] high edge lint[0x1])
Jan 31 16:49:47 cu-cs-vm kernel: [    0.000000] ACPI: LAPIC_NMI (acpi_id[0x1e] high edge lint[0x1])
Jan 31 16:49:47 cu-cs-vm kernel: [    0.000000] ACPI: LAPIC_NMI (acpi_id[0x1f] high edge lint[0x1])
Jan 31 16:49:47 cu-cs-vm kernel: [    0.000000] ACPI: LAPIC_NMI (acpi_id[0x20] high edge lint[0x1])
Jan 31 16:49:47 cu-cs-vm kernel: [    0.000000] ACPI: LAPIC_NMI (acpi_id[0x21] high edge lint[0x1])
Jan 31 16:49:47 cu-cs-vm kernel: [    0.000000] ACPI: LAPIC_NMI (acpi_id[0x22] high edge lint[0x1])
Jan 31 16:49:47 cu-cs-vm kernel: [    0.000000] ACPI: LAPIC_NMI (acpi_id[0x23] high edge lint[0x1])
Jan 31 16:49:47 cu-cs-vm kernel: [    0.000000] ACPI: LAPIC_NMI (acpi_id[0x24] high edge lint[0x1])
Jan 31 16:49:47 cu-cs-vm kernel: [    0.000000] ACPI: LAPIC_NMI (acpi_id[0x25] high edge lint[0x1])
Jan 31 16:49:47 cu-cs-vm kernel: [    0.000000] ACPI: LAPIC_NMI (acpi_id[0x26] high edge lint[0x1])
Jan 31 16:49:47 cu-cs-vm kernel: [    0.000000] ACPI: LAPIC_NMI (acpi_id[0x27] high edge lint[0x1])
Jan 31 16:49:47 cu-cs-vm kernel: [    0.000000] ACPI: LAPIC_NMI (acpi_id[0x28] high edge lint[0x1])
Jan 31 16:49:47 cu-cs-vm kernel: [    0.000000] ACPI: LAPIC_NMI (acpi_id[0x29] high edge lint[0x1])
Jan 31 16:49:47 cu-cs-vm kernel: [    0.000000] ACPI: LAPIC_NMI (acpi_id[0x2a] high edge lint[0x1])
Jan 31 16:49:47 cu-cs-vm kernel: [    0.000000] ACPI: LAPIC_NMI (acpi_id[0x2b] high edge lint[0x1])
Jan 31 16:49:47 cu-cs-vm kernel: [    0.000000] ACPI: LAPIC_NMI (acpi_id[0x2c] high edge lint[0x1])
Jan 31 16:49:47 cu-cs-vm kernel: [    0.000000] ACPI: LAPIC_NMI (acpi_id[0x2d] high edge lint[0x1])
Jan 31 16:49:47 cu-cs-vm kernel: [    0.000000] ACPI: LAPIC_NMI (acpi_id[0x2e] high edge lint[0x1])
Jan 31 16:49:47 cu-cs-vm kernel: [    0.000000] ACPI: LAPIC_NMI (acpi_id[0x2f] high edge lint[0x1])
Jan 31 16:49:47 cu-cs-vm kernel: [    0.000000] ACPI: LAPIC_NMI (acpi_id[0x30] high edge lint[0x1])
Jan 31 16:49:47 cu-cs-vm kernel: [    0.000000] ACPI: LAPIC_NMI (acpi_id[0x31] high edge lint[0x1])
Jan 31 16:49:47 cu-cs-vm kernel: [    0.000000] ACPI: LAPIC_NMI (acpi_id[0x32] high edge lint[0x1])
Jan 31 16:49:47 cu-cs-vm kernel: [    0.000000] ACPI: LAPIC_NMI (acpi_id[0x33] high edge lint[0x1])
Jan 31 16:49:47 cu-cs-vm kernel: [    0.000000] ACPI: LAPIC_NMI (acpi_id[0x34] high edge lint[0x1])
Jan 31 16:49:47 cu-cs-vm kernel: [    0.000000] ACPI: LAPIC_NMI (acpi_id[0x35] high edge lint[0x1])
Jan 31 16:49:47 cu-cs-vm kernel: [    0.000000] ACPI: LAPIC_NMI (acpi_id[0x36] high edge lint[0x1])
Jan 31 16:49:47 cu-cs-vm kernel: [    0.000000] ACPI: LAPIC_NMI (acpi_id[0x37] high edge lint[0x1])
Jan 31 16:49:47 cu-cs-vm kernel: [    0.000000] ACPI: LAPIC_NMI (acpi_id[0x38] high edge lint[0x1])
Jan 31 16:49:47 cu-cs-vm kernel: [    0.000000] ACPI: LAPIC_NMI (acpi_id[0x39] high edge lint[0x1])
Jan 31 16:49:47 cu-cs-vm kernel: [    0.000000] ACPI: LAPIC_NMI (acpi_id[0x3a] high edge lint[0x1])
Jan 31 16:49:47 cu-cs-vm kernel: [    0.000000] ACPI: LAPIC_NMI (acpi_id[0x3b] high edge lint[0x1])
Jan 31 16:49:47 cu-cs-vm kernel: [    0.000000] ACPI: LAPIC_NMI (acpi_id[0x3c] high edge lint[0x1])
Jan 31 16:49:47 cu-cs-vm kernel: [    0.000000] ACPI: LAPIC_NMI (acpi_id[0x3d] high edge lint[0x1])
Jan 31 16:49:47 cu-cs-vm kernel: [    0.000000] ACPI: LAPIC_NMI (acpi_id[0x3e] high edge lint[0x1])
Jan 31 16:49:47 cu-cs-vm kernel: [    0.000000] ACPI: LAPIC_NMI (acpi_id[0x3f] high edge lint[0x1])
Jan 31 16:49:47 cu-cs-vm kernel: [    0.000000] ACPI: LAPIC_NMI (acpi_id[0x40] high edge lint[0x1])
Jan 31 16:49:47 cu-cs-vm kernel: [    0.000000] ACPI: LAPIC_NMI (acpi_id[0x41] high edge lint[0x1])
Jan 31 16:49:47 cu-cs-vm kernel: [    0.000000] ACPI: LAPIC_NMI (acpi_id[0x42] high edge lint[0x1])
Jan 31 16:49:47 cu-cs-vm kernel: [    0.000000] ACPI: LAPIC_NMI (acpi_id[0x43] high edge lint[0x1])
Jan 31 16:49:47 cu-cs-vm kernel: [    0.000000] ACPI: LAPIC_NMI (acpi_id[0x44] high edge lint[0x1])
Jan 31 16:49:47 cu-cs-vm kernel: [    0.000000] ACPI: LAPIC_NMI (acpi_id[0x45] high edge lint[0x1])
Jan 31 16:49:47 cu-cs-vm kernel: [    0.000000] ACPI: LAPIC_NMI (acpi_id[0x46] high edge lint[0x1])
Jan 31 16:49:47 cu-cs-vm kernel: [    0.000000] ACPI: LAPIC_NMI (acpi_id[0x47] high edge lint[0x1])
Jan 31 16:49:47 cu-cs-vm kernel: [    0.000000] ACPI: LAPIC_NMI (acpi_id[0x48] high edge lint[0x1])
Jan 31 16:49:47 cu-cs-vm kernel: [    0.000000] ACPI: LAPIC_NMI (acpi_id[0x49] high edge lint[0x1])
Jan 31 16:49:47 cu-cs-vm kernel: [    0.000000] ACPI: LAPIC_NMI (acpi_id[0x4a] high edge lint[0x1])
Jan 31 16:49:47 cu-cs-vm kernel: [    0.000000] ACPI: LAPIC_NMI (acpi_id[0x4b] high edge lint[0x1])
Jan 31 16:49:47 cu-cs-vm kernel: [    0.000000] ACPI: LAPIC_NMI (acpi_id[0x4c] high edge lint[0x1])
Jan 31 16:49:47 cu-cs-vm kernel: [    0.000000] ACPI: LAPIC_NMI (acpi_id[0x4d] high edge lint[0x1])
Jan 31 16:49:47 cu-cs-vm kernel: [    0.000000] ACPI: LAPIC_NMI (acpi_id[0x4e] high edge lint[0x1])
Jan 31 16:49:47 cu-cs-vm kernel: [    0.000000] ACPI: LAPIC_NMI (acpi_id[0x4f] high edge lint[0x1])
Jan 31 16:49:47 cu-cs-vm kernel: [    0.000000] ACPI: LAPIC_NMI (acpi_id[0x50] high edge lint[0x1])
Jan 31 16:49:47 cu-cs-vm kernel: [    0.000000] ACPI: LAPIC_NMI (acpi_id[0x51] high edge lint[0x1])
Jan 31 16:49:47 cu-cs-vm kernel: [    0.000000] ACPI: LAPIC_NMI (acpi_id[0x52] high edge lint[0x1])
Jan 31 16:49:47 cu-cs-vm kernel: [    0.000000] ACPI: LAPIC_NMI (acpi_id[0x53] high edge lint[0x1])
Jan 31 16:49:47 cu-cs-vm kernel: [    0.000000] ACPI: LAPIC_NMI (acpi_id[0x54] high edge lint[0x1])
Jan 31 16:49:47 cu-cs-vm kernel: [    0.000000] ACPI: LAPIC_NMI (acpi_id[0x55] high edge lint[0x1])
Jan 31 16:49:47 cu-cs-vm kernel: [    0.000000] ACPI: LAPIC_NMI (acpi_id[0x56] high edge lint[0x1])
Jan 31 16:49:47 cu-cs-vm kernel: [    0.000000] ACPI: LAPIC_NMI (acpi_id[0x57] high edge lint[0x1])
Jan 31 16:49:47 cu-cs-vm kernel: [    0.000000] ACPI: LAPIC_NMI (acpi_id[0x58] high edge lint[0x1])
Jan 31 16:49:47 cu-cs-vm kernel: [    0.000000] ACPI: LAPIC_NMI (acpi_id[0x59] high edge lint[0x1])
Jan 31 16:49:47 cu-cs-vm kernel: [    0.000000] ACPI: LAPIC_NMI (acpi_id[0x5a] high edge lint[0x1])
Jan 31 16:49:47 cu-cs-vm kernel: [    0.000000] ACPI: LAPIC_NMI (acpi_id[0x5b] high edge lint[0x1])
Jan 31 16:49:47 cu-cs-vm kernel: [    0.000000] ACPI: LAPIC_NMI (acpi_id[0x5c] high edge lint[0x1])
Jan 31 16:49:47 cu-cs-vm kernel: [    0.000000] ACPI: LAPIC_NMI (acpi_id[0x5d] high edge lint[0x1])
Jan 31 16:49:47 cu-cs-vm kernel: [    0.000000] ACPI: LAPIC_NMI (acpi_id[0x5e] high edge lint[0x1])
Jan 31 16:49:47 cu-cs-vm kernel: [    0.000000] ACPI: LAPIC_NMI (acpi_id[0x5f] high edge lint[0x1])
Jan 31 16:49:47 cu-cs-vm kernel: [    0.000000] ACPI: LAPIC_NMI (acpi_id[0x60] high edge lint[0x1])
Jan 31 16:49:47 cu-cs-vm kernel: [    0.000000] ACPI: LAPIC_NMI (acpi_id[0x61] high edge lint[0x1])
Jan 31 16:49:47 cu-cs-vm kernel: [    0.000000] ACPI: LAPIC_NMI (acpi_id[0x62] high edge lint[0x1])
Jan 31 16:49:47 cu-cs-vm kernel: [    0.000000] ACPI: LAPIC_NMI (acpi_id[0x63] high edge lint[0x1])
Jan 31 16:49:47 cu-cs-vm kernel: [    0.000000] ACPI: LAPIC_NMI (acpi_id[0x64] high edge lint[0x1])
Jan 31 16:49:47 cu-cs-vm kernel: [    0.000000] ACPI: LAPIC_NMI (acpi_id[0x65] high edge lint[0x1])
Jan 31 16:49:47 cu-cs-vm kernel: [    0.000000] ACPI: LAPIC_NMI (acpi_id[0x66] high edge lint[0x1])
Jan 31 16:49:47 cu-cs-vm kernel: [    0.000000] ACPI: LAPIC_NMI (acpi_id[0x67] high edge lint[0x1])
Jan 31 16:49:47 cu-cs-vm kernel: [    0.000000] ACPI: LAPIC_NMI (acpi_id[0x68] high edge lint[0x1])
Jan 31 16:49:47 cu-cs-vm kernel: [    0.000000] ACPI: LAPIC_NMI (acpi_id[0x69] high edge lint[0x1])
Jan 31 16:49:47 cu-cs-vm kernel: [    0.000000] ACPI: LAPIC_NMI (acpi_id[0x6a] high edge lint[0x1])
Jan 31 16:49:47 cu-cs-vm kernel: [    0.000000] ACPI: LAPIC_NMI (acpi_id[0x6b] high edge lint[0x1])
Jan 31 16:49:47 cu-cs-vm kernel: [    0.000000] ACPI: LAPIC_NMI (acpi_id[0x6c] high edge lint[0x1])
Jan 31 16:49:47 cu-cs-vm kernel: [    0.000000] ACPI: LAPIC_NMI (acpi_id[0x6d] high edge lint[0x1])
Jan 31 16:49:47 cu-cs-vm kernel: [    0.000000] ACPI: LAPIC_NMI (acpi_id[0x6e] high edge lint[0x1])
Jan 31 16:49:47 cu-cs-vm kernel: [    0.000000] ACPI: LAPIC_NMI (acpi_id[0x6f] high edge lint[0x1])
Jan 31 16:49:47 cu-cs-vm kernel: [    0.000000] ACPI: LAPIC_NMI (acpi_id[0x70] high edge lint[0x1])
Jan 31 16:49:47 cu-cs-vm kernel: [    0.000000] ACPI: LAPIC_NMI (acpi_id[0x71] high edge lint[0x1])
Jan 31 16:49:47 cu-cs-vm kernel: [    0.000000] ACPI: LAPIC_NMI (acpi_id[0x72] high edge lint[0x1])
Jan 31 16:49:47 cu-cs-vm kernel: [    0.000000] ACPI: LAPIC_NMI (acpi_id[0x73] high edge lint[0x1])
Jan 31 16:49:47 cu-cs-vm kernel: [    0.000000] ACPI: LAPIC_NMI (acpi_id[0x74] high edge lint[0x1])
Jan 31 16:49:47 cu-cs-vm kernel: [    0.000000] ACPI: LAPIC_NMI (acpi_id[0x75] high edge lint[0x1])
Jan 31 16:49:47 cu-cs-vm kernel: [    0.000000] ACPI: LAPIC_NMI (acpi_id[0x76] high edge lint[0x1])
Jan 31 16:49:47 cu-cs-vm kernel: [    0.000000] ACPI: LAPIC_NMI (acpi_id[0x77] high edge lint[0x1])
Jan 31 16:49:47 cu-cs-vm kernel: [    0.000000] ACPI: LAPIC_NMI (acpi_id[0x78] high edge lint[0x1])
Jan 31 16:49:47 cu-cs-vm kernel: [    0.000000] ACPI: LAPIC_NMI (acpi_id[0x79] high edge lint[0x1])
Jan 31 16:49:47 cu-cs-vm kernel: [    0.000000] ACPI: LAPIC_NMI (acpi_id[0x7a] high edge lint[0x1])
Jan 31 16:49:47 cu-cs-vm kernel: [    0.000000] ACPI: LAPIC_NMI (acpi_id[0x7b] high edge lint[0x1])
Jan 31 16:49:47 cu-cs-vm kernel: [    0.000000] ACPI: LAPIC_NMI (acpi_id[0x7c] high edge lint[0x1])
Jan 31 16:49:47 cu-cs-vm kernel: [    0.000000] ACPI: LAPIC_NMI (acpi_id[0x7d] high edge lint[0x1])
Jan 31 16:49:47 cu-cs-vm kernel: [    0.000000] ACPI: LAPIC_NMI (acpi_id[0x7e] high edge lint[0x1])
Jan 31 16:49:47 cu-cs-vm kernel: [    0.000000] ACPI: LAPIC_NMI (acpi_id[0x7f] high edge lint[0x1])
Jan 31 16:49:47 cu-cs-vm kernel: [    0.000000] IOAPIC[0]: apic_id 1, version 17, address 0xfec00000, GSI 0-23
Jan 31 16:49:47 cu-cs-vm kernel: [    0.000000] ACPI: INT_SRC_OVR (bus 0 bus_irq 0 global_irq 2 high edge)
Jan 31 16:49:47 cu-cs-vm kernel: [    0.000000] ACPI: IRQ0 used by override.
Jan 31 16:49:47 cu-cs-vm kernel: [    0.000000] ACPI: IRQ9 used by override.
Jan 31 16:49:47 cu-cs-vm kernel: [    0.000000] Using ACPI (MADT) for SMP configuration information
Jan 31 16:49:47 cu-cs-vm kernel: [    0.000000] smpboot: Allowing 128 CPUs, 126 hotplug CPUs
Jan 31 16:49:47 cu-cs-vm kernel: [    0.000000] PM: Registered nosave memory: [mem 0x00000000-0x00000fff]
Jan 31 16:49:47 cu-cs-vm kernel: [    0.000000] PM: Registered nosave memory: [mem 0x0009e000-0x0009efff]
Jan 31 16:49:47 cu-cs-vm kernel: [    0.000000] PM: Registered nosave memory: [mem 0x0009f000-0x0009ffff]
Jan 31 16:49:47 cu-cs-vm kernel: [    0.000000] PM: Registered nosave memory: [mem 0x000a0000-0x000dbfff]
Jan 31 16:49:47 cu-cs-vm kernel: [    0.000000] PM: Registered nosave memory: [mem 0x000dc000-0x000fffff]
Jan 31 16:49:47 cu-cs-vm kernel: [    0.000000] PM: Registered nosave memory: [mem 0x7fee0000-0x7fefefff]
Jan 31 16:49:47 cu-cs-vm kernel: [    0.000000] PM: Registered nosave memory: [mem 0x7feff000-0x7fefffff]
Jan 31 16:49:47 cu-cs-vm kernel: [    0.000000] e820: [mem 0x80000000-0xefffffff] available for PCI devices
Jan 31 16:49:47 cu-cs-vm kernel: [    0.000000] Booting paravirtualized kernel on VMware hypervisor
Jan 31 16:49:47 cu-cs-vm kernel: [    0.000000] clocksource: refined-jiffies: mask: 0xffffffff max_cycles: 0xffffffff, max_idle_ns: 7645519600211568 ns
Jan 31 16:49:47 cu-cs-vm kernel: [    0.000000] setup_percpu: NR_CPUS:8192 nr_cpumask_bits:128 nr_cpu_ids:128 nr_node_ids:1
Jan 31 16:49:47 cu-cs-vm kernel: [    0.000000] percpu: Embedded 45 pages/cpu @ffff9acf3b600000 s145752 r8192 d30376 u262144
Jan 31 16:49:47 cu-cs-vm kernel: [    0.000000] pcpu-alloc: s145752 r8192 d30376 u262144 alloc=1*2097152
Jan 31 16:49:47 cu-cs-vm kernel: [    0.000000] pcpu-alloc: [0] 000 001 002 003 004 005 006 007 
Jan 31 16:49:47 cu-cs-vm kernel: [    0.000000] pcpu-alloc: [0] 008 009 010 011 012 013 014 015 
Jan 31 16:49:47 cu-cs-vm kernel: [    0.000000] pcpu-alloc: [0] 016 017 018 019 020 021 022 023 
Jan 31 16:49:47 cu-cs-vm kernel: [    0.000000] pcpu-alloc: [0] 024 025 026 027 028 029 030 031 
Jan 31 16:49:47 cu-cs-vm kernel: [    0.000000] pcpu-alloc: [0] 032 033 034 035 036 037 038 039 
Jan 31 16:49:47 cu-cs-vm kernel: [    0.000000] pcpu-alloc: [0] 040 041 042 043 044 045 046 047 
Jan 31 16:49:47 cu-cs-vm kernel: [    0.000000] pcpu-alloc: [0] 048 049 050 051 052 053 054 055 
Jan 31 16:49:47 cu-cs-vm kernel: [    0.000000] pcpu-alloc: [0] 056 057 058 059 060 061 062 063 
Jan 31 16:49:47 cu-cs-vm kernel: [    0.000000] pcpu-alloc: [0] 064 065 066 067 068 069 070 071 
Jan 31 16:49:47 cu-cs-vm kernel: [    0.000000] pcpu-alloc: [0] 072 073 074 075 076 077 078 079 
Jan 31 16:49:47 cu-cs-vm kernel: [    0.000000] pcpu-alloc: [0] 080 081 082 083 084 085 086 087 
Jan 31 16:49:47 cu-cs-vm kernel: [    0.000000] pcpu-alloc: [0] 088 089 090 091 092 093 094 095 
Jan 31 16:49:47 cu-cs-vm kernel: [    0.000000] pcpu-alloc: [0] 096 097 098 099 100 101 102 103 
Jan 31 16:49:47 cu-cs-vm kernel: [    0.000000] pcpu-alloc: [0] 104 105 106 107 108 109 110 111 
Jan 31 16:49:47 cu-cs-vm kernel: [    0.000000] pcpu-alloc: [0] 112 113 114 115 116 117 118 119 
Jan 31 16:49:47 cu-cs-vm kernel: [    0.000000] pcpu-alloc: [0] 120 121 122 123 124 125 126 127 
Jan 31 16:49:47 cu-cs-vm kernel: [    0.000000] Built 1 zonelists in Node order, mobility grouping on.  Total pages: 515944
Jan 31 16:49:47 cu-cs-vm kernel: [    0.000000] Policy zone: DMA32
Jan 31 16:49:47 cu-cs-vm kernel: [    0.000000] Kernel command line: BOOT_IMAGE=/@/boot/vmlinuz-4.13.13-helloworld-r1 root=UUID=bb1213fd-aa15-420b-8d34-682b907abadc ro rootflags=subvol=@ crashkernel=384M-2G:128M,2G-:256M
Jan 31 16:49:47 cu-cs-vm kernel: [    0.000000] log_buf_len individual max cpu contribution: 4096 bytes
Jan 31 16:49:47 cu-cs-vm kernel: [    0.000000] log_buf_len total cpu_extra contributions: 520192 bytes
Jan 31 16:49:47 cu-cs-vm kernel: [    0.000000] log_buf_len min size: 262144 bytes
Jan 31 16:49:47 cu-cs-vm kernel: [    0.000000] log_buf_len: 1048576 bytes
Jan 31 16:49:47 cu-cs-vm kernel: [    0.000000] early log buf free: 236800(90%)
Jan 31 16:49:47 cu-cs-vm kernel: [    0.000000] PID hash table entries: 4096 (order: 3, 32768 bytes)
Jan 31 16:49:47 cu-cs-vm kernel: [    0.000000] Calgary: detecting Calgary via BIOS EBDA area
Jan 31 16:49:47 cu-cs-vm kernel: [    0.000000] Calgary: Unable to locate Rio Grande table in EBDA - bailing!
Jan 31 16:49:47 cu-cs-vm kernel: [    0.000000] Memory: 1853208K/2096628K available (12300K kernel code, 2363K rwdata, 3820K rodata, 2356K init, 2368K bss, 243420K reserved, 0K cma-reserved)
Jan 31 16:49:47 cu-cs-vm kernel: [    0.000000] SLUB: HWalign=64, Order=0-3, MinObjects=0, CPUs=128, Nodes=1
Jan 31 16:49:47 cu-cs-vm kernel: [    0.000000] Kernel/User page tables isolation: enabled
Jan 31 16:49:47 cu-cs-vm kernel: [    0.000000] ftrace: allocating 36973 entries in 145 pages
Jan 31 16:49:47 cu-cs-vm kernel: [    0.004000] Hierarchical RCU implementation.
Jan 31 16:49:47 cu-cs-vm kernel: [    0.004000] 	RCU restricting CPUs from NR_CPUS=8192 to nr_cpu_ids=128.
Jan 31 16:49:47 cu-cs-vm kernel: [    0.004000] RCU: Adjusting geometry for rcu_fanout_leaf=16, nr_cpu_ids=128
Jan 31 16:49:47 cu-cs-vm kernel: [    0.004000] NR_IRQS: 524544, nr_irqs: 1448, preallocated irqs: 16
Jan 31 16:49:47 cu-cs-vm kernel: [    0.004000] Console: colour VGA+ 80x25
Jan 31 16:49:47 cu-cs-vm kernel: [    0.004000] console [tty0] enabled
Jan 31 16:49:47 cu-cs-vm kernel: [    0.004012] tsc: Detected 2195.013 MHz processor
Jan 31 16:49:47 cu-cs-vm kernel: [    0.004094] Calibrating delay loop (skipped) preset value.. 4390.02 BogoMIPS (lpj=8780052)
Jan 31 16:49:47 cu-cs-vm kernel: [    0.004170] pid_max: default: 131072 minimum: 1024
Jan 31 16:49:47 cu-cs-vm kernel: [    0.004272] ACPI: Core revision 20170531
Jan 31 16:49:47 cu-cs-vm kernel: [    0.013933] ACPI: 1 ACPI AML tables successfully acquired and loaded
Jan 31 16:49:47 cu-cs-vm kernel: [    0.014097] Security Framework initialized
Jan 31 16:49:47 cu-cs-vm kernel: [    0.014173] Yama: becoming mindful.
Jan 31 16:49:47 cu-cs-vm kernel: [    0.014369] AppArmor: AppArmor initialized
Jan 31 16:49:47 cu-cs-vm kernel: [    0.021006] Dentry cache hash table entries: 262144 (order: 9, 2097152 bytes)
Jan 31 16:49:47 cu-cs-vm kernel: [    0.024628] Inode-cache hash table entries: 131072 (order: 8, 1048576 bytes)
Jan 31 16:49:47 cu-cs-vm kernel: [    0.024849] Mount-cache hash table entries: 4096 (order: 3, 32768 bytes)
Jan 31 16:49:47 cu-cs-vm kernel: [    0.025049] Mountpoint-cache hash table entries: 4096 (order: 3, 32768 bytes)
Jan 31 16:49:47 cu-cs-vm kernel: [    0.026054] Disabled fast string operations
Jan 31 16:49:47 cu-cs-vm kernel: [    0.026137] CPU: Physical Processor ID: 0
Jan 31 16:49:47 cu-cs-vm kernel: [    0.026220] FEATURE SPEC_CTRL Not Present
Jan 31 16:49:47 cu-cs-vm kernel: [    0.026319] mce: CPU supports 0 MCE banks
Jan 31 16:49:47 cu-cs-vm kernel: [    0.026432] Last level iTLB entries: 4KB 512, 2MB 8, 4MB 8
Jan 31 16:49:47 cu-cs-vm kernel: [    0.026525] Last level dTLB entries: 4KB 512, 2MB 32, 4MB 32, 1GB 0
Jan 31 16:49:47 cu-cs-vm kernel: [    0.026788] Freeing SMP alternatives memory: 32K
Jan 31 16:49:47 cu-cs-vm kernel: [    0.029195] smpboot: Max logical packages: 128
Jan 31 16:49:47 cu-cs-vm kernel: [    0.029554] x2apic enabled
Jan 31 16:49:47 cu-cs-vm kernel: [    0.030339] Switched APIC routing to physical x2apic.
Jan 31 16:49:47 cu-cs-vm kernel: [    0.033397] ..TIMER: vector=0x30 apic1=0 pin1=2 apic2=-1 pin2=-1
Jan 31 16:49:47 cu-cs-vm kernel: [    0.033955] TSC deadline timer enabled
Jan 31 16:49:47 cu-cs-vm kernel: [    0.033967] smpboot: CPU0: Intel(R) Core(TM) i7-3632QM CPU @ 2.20GHz (family: 0x6, model: 0x3a, stepping: 0x9)
Jan 31 16:49:47 cu-cs-vm kernel: [    0.035281] Performance Events: IvyBridge events, core PMU driver.
Jan 31 16:49:47 cu-cs-vm kernel: [    0.035817] core: CPUID marked event: 'cpu cycles' unavailable
Jan 31 16:49:47 cu-cs-vm kernel: [    0.036000] core: CPUID marked event: 'instructions' unavailable
Jan 31 16:49:47 cu-cs-vm kernel: [    0.036000] core: CPUID marked event: 'bus cycles' unavailable
Jan 31 16:49:47 cu-cs-vm kernel: [    0.036000] core: CPUID marked event: 'cache references' unavailable
Jan 31 16:49:47 cu-cs-vm kernel: [    0.036000] core: CPUID marked event: 'cache misses' unavailable
Jan 31 16:49:47 cu-cs-vm kernel: [    0.036004] core: CPUID marked event: 'branch instructions' unavailable
Jan 31 16:49:47 cu-cs-vm kernel: [    0.036524] core: CPUID marked event: 'branch misses' unavailable
Jan 31 16:49:47 cu-cs-vm kernel: [    0.037012] ... version:                1
Jan 31 16:49:47 cu-cs-vm kernel: [    0.037452] ... bit width:              48
Jan 31 16:49:47 cu-cs-vm kernel: [    0.037860] ... generic registers:      4
Jan 31 16:49:47 cu-cs-vm kernel: [    0.038270] ... value mask:             0000ffffffffffff
Jan 31 16:49:47 cu-cs-vm kernel: [    0.038726] ... max period:             000000007fffffff
Jan 31 16:49:47 cu-cs-vm kernel: [    0.039187] ... fixed-purpose events:   0
Jan 31 16:49:47 cu-cs-vm kernel: [    0.039686] ... event mask:             000000000000000f
Jan 31 16:49:47 cu-cs-vm kernel: [    0.040146] Hierarchical SRCU implementation.
Jan 31 16:49:47 cu-cs-vm kernel: [    0.048058] NMI watchdog: disabled (cpu0): hardware events not enabled
Jan 31 16:49:47 cu-cs-vm kernel: [    0.048590] NMI watchdog: Shutting down hard lockup detector on all cpus
Jan 31 16:49:47 cu-cs-vm kernel: [    0.052488] smp: Bringing up secondary CPUs ...
Jan 31 16:49:47 cu-cs-vm kernel: [    0.053473] x86: Booting SMP configuration:
Jan 31 16:49:47 cu-cs-vm kernel: [    0.053929] .... node  #0, CPUs:          #1
Jan 31 16:49:47 cu-cs-vm kernel: [    0.004000] Disabled fast string operations
Jan 31 16:49:47 cu-cs-vm kernel: [    0.004000] mce: CPU supports 0 MCE banks
Jan 31 16:49:47 cu-cs-vm kernel: [    0.004000] smpboot: CPU 1 Converting physical 2 to logical package 1
Jan 31 16:49:47 cu-cs-vm kernel: [    0.055228] smp: Brought up 1 node, 2 CPUs
Jan 31 16:49:47 cu-cs-vm kernel: [    0.055228] smpboot: Total of 2 processors activated (8780.05 BogoMIPS)
Jan 31 16:49:47 cu-cs-vm kernel: [    0.057519] devtmpfs: initialized
Jan 31 16:49:47 cu-cs-vm kernel: [    0.057519] x86/mm: Memory block size: 128MB
Jan 31 16:49:47 cu-cs-vm kernel: [    0.060029] evm: security.selinux
Jan 31 16:49:47 cu-cs-vm kernel: [    0.060107] evm: security.SMACK64
Jan 31 16:49:47 cu-cs-vm kernel: [    0.060183] evm: security.SMACK64EXEC
Jan 31 16:49:47 cu-cs-vm kernel: [    0.060260] evm: security.SMACK64TRANSMUTE
Jan 31 16:49:47 cu-cs-vm kernel: [    0.060341] evm: security.SMACK64MMAP
Jan 31 16:49:47 cu-cs-vm kernel: [    0.060418] evm: security.ima
Jan 31 16:49:47 cu-cs-vm kernel: [    0.060491] evm: security.capability
Jan 31 16:49:47 cu-cs-vm kernel: [    0.060695] PM: Registering ACPI NVS region [mem 0x7feff000-0x7fefffff] (4096 bytes)
Jan 31 16:49:47 cu-cs-vm kernel: [    0.060695] clocksource: jiffies: mask: 0xffffffff max_cycles: 0xffffffff, max_idle_ns: 7645041785100000 ns
Jan 31 16:49:47 cu-cs-vm kernel: [    0.060695] futex hash table entries: 32768 (order: 9, 2097152 bytes)
Jan 31 16:49:47 cu-cs-vm kernel: [    0.068203] pinctrl core: initialized pinctrl subsystem
Jan 31 16:49:47 cu-cs-vm kernel: [    0.068619] RTC time: 23:49:41, date: 01/31/18
Jan 31 16:49:47 cu-cs-vm kernel: [    0.068996] NET: Registered protocol family 16
Jan 31 16:49:47 cu-cs-vm kernel: [    0.069415] cpuidle: using governor ladder
Jan 31 16:49:47 cu-cs-vm kernel: [    0.069415] cpuidle: using governor menu
Jan 31 16:49:47 cu-cs-vm kernel: [    0.069415] PCCT header not found.
Jan 31 16:49:47 cu-cs-vm kernel: [    0.069415] Simple Boot Flag at 0x36 set to 0x80
Jan 31 16:49:47 cu-cs-vm kernel: [    0.069415] ACPI: bus type PCI registered
Jan 31 16:49:47 cu-cs-vm kernel: [    0.069415] acpiphp: ACPI Hot Plug PCI Controller Driver version: 0.5
Jan 31 16:49:47 cu-cs-vm kernel: [    0.069415] PCI: MMCONFIG for domain 0000 [bus 00-7f] at [mem 0xf0000000-0xf7ffffff] (base 0xf0000000)
Jan 31 16:49:47 cu-cs-vm kernel: [    0.069415] PCI: MMCONFIG at [mem 0xf0000000-0xf7ffffff] reserved in E820
Jan 31 16:49:47 cu-cs-vm kernel: [    0.069415] PCI: Using configuration type 1 for base access
Jan 31 16:49:47 cu-cs-vm kernel: [    0.069415] core: PMU erratum BJ122, BV98, HSD29 workaround disabled, HT off
Jan 31 16:49:47 cu-cs-vm kernel: [    0.072396] HugeTLB registered 2.00 MiB page size, pre-allocated 0 pages
Jan 31 16:49:47 cu-cs-vm kernel: [    0.072396] ACPI: Added _OSI(Module Device)
Jan 31 16:49:47 cu-cs-vm kernel: [    0.072396] ACPI: Added _OSI(Processor Device)
Jan 31 16:49:47 cu-cs-vm kernel: [    0.072396] ACPI: Added _OSI(3.0 _SCP Extensions)
Jan 31 16:49:47 cu-cs-vm kernel: [    0.072460] ACPI: Added _OSI(Processor Aggregator Device)
Jan 31 16:49:47 cu-cs-vm kernel: [    0.078542] ACPI: [Firmware Bug]: BIOS _OSI(Linux) query ignored
Jan 31 16:49:47 cu-cs-vm kernel: [    0.097422] ACPI: Interpreter enabled
Jan 31 16:49:47 cu-cs-vm kernel: [    0.097520] ACPI: (supports S0 S1 S4 S5)
Jan 31 16:49:47 cu-cs-vm kernel: [    0.097596] ACPI: Using IOAPIC for interrupt routing
Jan 31 16:49:47 cu-cs-vm kernel: [    0.097701] PCI: Using host bridge windows from ACPI; if necessary, use "pci=nocrs" and report a bug
Jan 31 16:49:47 cu-cs-vm kernel: [    0.098378] ACPI: Enabled 4 GPEs in block 00 to 0F
Jan 31 16:49:47 cu-cs-vm kernel: [    0.165316] ACPI: PCI Root Bridge [PCI0] (domain 0000 [bus 00-7f])
Jan 31 16:49:47 cu-cs-vm kernel: [    0.165420] acpi PNP0A03:00: _OSC: OS supports [ExtendedConfig ASPM ClockPM Segments MSI]
Jan 31 16:49:47 cu-cs-vm kernel: [    0.165715] acpi PNP0A03:00: _OSC: platform does not support [AER]
Jan 31 16:49:47 cu-cs-vm kernel: [    0.165956] acpi PNP0A03:00: _OSC: OS now controls [PCIeHotplug PME PCIeCapability]
Jan 31 16:49:47 cu-cs-vm kernel: [    0.167764] PCI host bridge to bus 0000:00
Jan 31 16:49:47 cu-cs-vm kernel: [    0.167846] pci_bus 0000:00: root bus resource [mem 0x000a0000-0x000bffff window]
Jan 31 16:49:47 cu-cs-vm kernel: [    0.167984] pci_bus 0000:00: root bus resource [mem 0x000cc000-0x000cffff window]
Jan 31 16:49:47 cu-cs-vm kernel: [    0.168004] pci_bus 0000:00: root bus resource [mem 0x000d0000-0x000d3fff window]
Jan 31 16:49:47 cu-cs-vm kernel: [    0.168143] pci_bus 0000:00: root bus resource [mem 0x000d4000-0x000d7fff window]
Jan 31 16:49:47 cu-cs-vm kernel: [    0.168280] pci_bus 0000:00: root bus resource [mem 0x000d8000-0x000dbfff window]
Jan 31 16:49:47 cu-cs-vm kernel: [    0.168418] pci_bus 0000:00: root bus resource [mem 0xc0000000-0xfebfffff window]
Jan 31 16:49:47 cu-cs-vm kernel: [    0.168555] pci_bus 0000:00: root bus resource [io  0x0000-0x0cf7 window]
Jan 31 16:49:47 cu-cs-vm kernel: [    0.168648] pci_bus 0000:00: root bus resource [io  0x0d00-0xfeff window]
Jan 31 16:49:47 cu-cs-vm kernel: [    0.168742] pci_bus 0000:00: root bus resource [bus 00-7f]
Jan 31 16:49:47 cu-cs-vm kernel: [    0.168876] pci 0000:00:00.0: [8086:7190] type 00 class 0x060000
Jan 31 16:49:47 cu-cs-vm kernel: [    0.169564] pci 0000:00:01.0: [8086:7191] type 01 class 0x060400
Jan 31 16:49:47 cu-cs-vm kernel: [    0.170055] pci 0000:00:07.0: [8086:7110] type 00 class 0x060100
Jan 31 16:49:47 cu-cs-vm kernel: [    0.170767] pci 0000:00:07.1: [8086:7111] type 00 class 0x01018a
Jan 31 16:49:47 cu-cs-vm kernel: [    0.172313] pci 0000:00:07.1: reg 0x20: [io  0x1060-0x106f]
Jan 31 16:49:47 cu-cs-vm kernel: [    0.172946] pci 0000:00:07.1: legacy IDE quirk: reg 0x10: [io  0x01f0-0x01f7]
Jan 31 16:49:47 cu-cs-vm kernel: [    0.173055] pci 0000:00:07.1: legacy IDE quirk: reg 0x14: [io  0x03f6]
Jan 31 16:49:47 cu-cs-vm kernel: [    0.173154] pci 0000:00:07.1: legacy IDE quirk: reg 0x18: [io  0x0170-0x0177]
Jan 31 16:49:47 cu-cs-vm kernel: [    0.173256] pci 0000:00:07.1: legacy IDE quirk: reg 0x1c: [io  0x0376]
Jan 31 16:49:47 cu-cs-vm kernel: [    0.173607] pci 0000:00:07.3: [8086:7113] type 00 class 0x068000
Jan 31 16:49:47 cu-cs-vm kernel: [    0.175684] pci 0000:00:07.3: quirk: [io  0x1000-0x103f] claimed by PIIX4 ACPI
Jan 31 16:49:47 cu-cs-vm kernel: [    0.175849] pci 0000:00:07.3: quirk: [io  0x1040-0x104f] claimed by PIIX4 SMB
Jan 31 16:49:47 cu-cs-vm kernel: [    0.176349] pci 0000:00:07.7: [15ad:0740] type 00 class 0x088000
Jan 31 16:49:47 cu-cs-vm kernel: [    0.177382] pci 0000:00:07.7: reg 0x10: [io  0x1080-0x10bf]
Jan 31 16:49:47 cu-cs-vm kernel: [    0.178234] pci 0000:00:07.7: reg 0x14: [mem 0xfebfe000-0xfebfffff 64bit]
Jan 31 16:49:47 cu-cs-vm kernel: [    0.181771] pci 0000:00:0f.0: [15ad:0405] type 00 class 0x030000
Jan 31 16:49:47 cu-cs-vm kernel: [    0.184007] pci 0000:00:0f.0: reg 0x10: [io  0x1070-0x107f]
Jan 31 16:49:47 cu-cs-vm kernel: [    0.186376] pci 0000:00:0f.0: reg 0x14: [mem 0xe8000000-0xefffffff pref]
Jan 31 16:49:47 cu-cs-vm kernel: [    0.188007] pci 0000:00:0f.0: reg 0x18: [mem 0xfe000000-0xfe7fffff]
Jan 31 16:49:47 cu-cs-vm kernel: [    0.196005] pci 0000:00:0f.0: reg 0x30: [mem 0x00000000-0x00007fff pref]
Jan 31 16:49:47 cu-cs-vm kernel: [    0.196512] pci 0000:00:11.0: [15ad:0790] type 01 class 0x060401
Jan 31 16:49:47 cu-cs-vm kernel: [    0.197293] pci 0000:00:15.0: [15ad:07a0] type 01 class 0x060400
Jan 31 16:49:47 cu-cs-vm kernel: [    0.198033] pci 0000:00:15.0: PME# supported from D0 D3hot D3cold
Jan 31 16:49:47 cu-cs-vm kernel: [    0.198322] pci 0000:00:15.1: [15ad:07a0] type 01 class 0x060400
Jan 31 16:49:47 cu-cs-vm kernel: [    0.199012] pci 0000:00:15.1: PME# supported from D0 D3hot D3cold
Jan 31 16:49:47 cu-cs-vm kernel: [    0.199329] pci 0000:00:15.2: [15ad:07a0] type 01 class 0x060400
Jan 31 16:49:47 cu-cs-vm kernel: [    0.200049] pci 0000:00:15.2: PME# supported from D0 D3hot D3cold
Jan 31 16:49:47 cu-cs-vm kernel: [    0.200363] pci 0000:00:15.3: [15ad:07a0] type 01 class 0x060400
Jan 31 16:49:47 cu-cs-vm kernel: [    0.201049] pci 0000:00:15.3: PME# supported from D0 D3hot D3cold
Jan 31 16:49:47 cu-cs-vm kernel: [    0.201367] pci 0000:00:15.4: [15ad:07a0] type 01 class 0x060400
Jan 31 16:49:47 cu-cs-vm kernel: [    0.202059] pci 0000:00:15.4: PME# supported from D0 D3hot D3cold
Jan 31 16:49:47 cu-cs-vm kernel: [    0.202376] pci 0000:00:15.5: [15ad:07a0] type 01 class 0x060400
Jan 31 16:49:47 cu-cs-vm kernel: [    0.203065] pci 0000:00:15.5: PME# supported from D0 D3hot D3cold
Jan 31 16:49:47 cu-cs-vm kernel: [    0.203451] pci 0000:00:15.6: [15ad:07a0] type 01 class 0x060400
Jan 31 16:49:47 cu-cs-vm kernel: [    0.204135] pci 0000:00:15.6: PME# supported from D0 D3hot D3cold
Jan 31 16:49:47 cu-cs-vm kernel: [    0.204447] pci 0000:00:15.7: [15ad:07a0] type 01 class 0x060400
Jan 31 16:49:47 cu-cs-vm kernel: [    0.205187] pci 0000:00:15.7: PME# supported from D0 D3hot D3cold
Jan 31 16:49:47 cu-cs-vm kernel: [    0.205532] pci 0000:00:16.0: [15ad:07a0] type 01 class 0x060400
Jan 31 16:49:47 cu-cs-vm kernel: [    0.206222] pci 0000:00:16.0: PME# supported from D0 D3hot D3cold
Jan 31 16:49:47 cu-cs-vm kernel: [    0.206539] pci 0000:00:16.1: [15ad:07a0] type 01 class 0x060400
Jan 31 16:49:47 cu-cs-vm kernel: [    0.207229] pci 0000:00:16.1: PME# supported from D0 D3hot D3cold
Jan 31 16:49:47 cu-cs-vm kernel: [    0.207514] pci 0000:00:16.2: [15ad:07a0] type 01 class 0x060400
Jan 31 16:49:47 cu-cs-vm kernel: [    0.208196] pci 0000:00:16.2: PME# supported from D0 D3hot D3cold
Jan 31 16:49:47 cu-cs-vm kernel: [    0.208508] pci 0000:00:16.3: [15ad:07a0] type 01 class 0x060400
Jan 31 16:49:47 cu-cs-vm kernel: [    0.209192] pci 0000:00:16.3: PME# supported from D0 D3hot D3cold
Jan 31 16:49:47 cu-cs-vm kernel: [    0.209509] pci 0000:00:16.4: [15ad:07a0] type 01 class 0x060400
Jan 31 16:49:47 cu-cs-vm kernel: [    0.210199] pci 0000:00:16.4: PME# supported from D0 D3hot D3cold
Jan 31 16:49:47 cu-cs-vm kernel: [    0.210514] pci 0000:00:16.5: [15ad:07a0] type 01 class 0x060400
Jan 31 16:49:47 cu-cs-vm kernel: [    0.211204] pci 0000:00:16.5: PME# supported from D0 D3hot D3cold
Jan 31 16:49:47 cu-cs-vm kernel: [    0.211591] pci 0000:00:16.6: [15ad:07a0] type 01 class 0x060400
Jan 31 16:49:47 cu-cs-vm kernel: [    0.212275] pci 0000:00:16.6: PME# supported from D0 D3hot D3cold
Jan 31 16:49:47 cu-cs-vm kernel: [    0.212604] pci 0000:00:16.7: [15ad:07a0] type 01 class 0x060400
Jan 31 16:49:47 cu-cs-vm kernel: [    0.213331] pci 0000:00:16.7: PME# supported from D0 D3hot D3cold
Jan 31 16:49:47 cu-cs-vm kernel: [    0.213664] pci 0000:00:17.0: [15ad:07a0] type 01 class 0x060400
Jan 31 16:49:47 cu-cs-vm kernel: [    0.214333] pci 0000:00:17.0: PME# supported from D0 D3hot D3cold
Jan 31 16:49:47 cu-cs-vm kernel: [    0.214638] pci 0000:00:17.1: [15ad:07a0] type 01 class 0x060400
Jan 31 16:49:47 cu-cs-vm kernel: [    0.215306] pci 0000:00:17.1: PME# supported from D0 D3hot D3cold
Jan 31 16:49:47 cu-cs-vm kernel: [    0.215583] pci 0000:00:17.2: [15ad:07a0] type 01 class 0x060400
Jan 31 16:49:47 cu-cs-vm kernel: [    0.216241] pci 0000:00:17.2: PME# supported from D0 D3hot D3cold
Jan 31 16:49:47 cu-cs-vm kernel: [    0.216544] pci 0000:00:17.3: [15ad:07a0] type 01 class 0x060400
Jan 31 16:49:47 cu-cs-vm kernel: [    0.217268] pci 0000:00:17.3: PME# supported from D0 D3hot D3cold
Jan 31 16:49:47 cu-cs-vm kernel: [    0.217628] pci 0000:00:17.4: [15ad:07a0] type 01 class 0x060400
Jan 31 16:49:47 cu-cs-vm kernel: [    0.218297] pci 0000:00:17.4: PME# supported from D0 D3hot D3cold
Jan 31 16:49:47 cu-cs-vm kernel: [    0.218607] pci 0000:00:17.5: [15ad:07a0] type 01 class 0x060400
Jan 31 16:49:47 cu-cs-vm kernel: [    0.219303] pci 0000:00:17.5: PME# supported from D0 D3hot D3cold
Jan 31 16:49:47 cu-cs-vm kernel: [    0.219705] pci 0000:00:17.6: [15ad:07a0] type 01 class 0x060400
Jan 31 16:49:47 cu-cs-vm kernel: [    0.220395] pci 0000:00:17.6: PME# supported from D0 D3hot D3cold
Jan 31 16:49:47 cu-cs-vm kernel: [    0.220669] pci 0000:00:17.7: [15ad:07a0] type 01 class 0x060400
Jan 31 16:49:47 cu-cs-vm kernel: [    0.221369] pci 0000:00:17.7: PME# supported from D0 D3hot D3cold
Jan 31 16:49:47 cu-cs-vm kernel: [    0.221677] pci 0000:00:18.0: [15ad:07a0] type 01 class 0x060400
Jan 31 16:49:47 cu-cs-vm kernel: [    0.222400] pci 0000:00:18.0: PME# supported from D0 D3hot D3cold
Jan 31 16:49:47 cu-cs-vm kernel: [    0.222726] pci 0000:00:18.1: [15ad:07a0] type 01 class 0x060400
Jan 31 16:49:47 cu-cs-vm kernel: [    0.223410] pci 0000:00:18.1: PME# supported from D0 D3hot D3cold
Jan 31 16:49:47 cu-cs-vm kernel: [    0.223715] pci 0000:00:18.2: [15ad:07a0] type 01 class 0x060400
Jan 31 16:49:47 cu-cs-vm kernel: [    0.224373] pci 0000:00:18.2: PME# supported from D0 D3hot D3cold
Jan 31 16:49:47 cu-cs-vm kernel: [    0.224674] pci 0000:00:18.3: [15ad:07a0] type 01 class 0x060400
Jan 31 16:49:47 cu-cs-vm kernel: [    0.225375] pci 0000:00:18.3: PME# supported from D0 D3hot D3cold
Jan 31 16:49:47 cu-cs-vm kernel: [    0.225717] pci 0000:00:18.4: [15ad:07a0] type 01 class 0x060400
Jan 31 16:49:47 cu-cs-vm kernel: [    0.226414] pci 0000:00:18.4: PME# supported from D0 D3hot D3cold
Jan 31 16:49:47 cu-cs-vm kernel: [    0.226748] pci 0000:00:18.5: [15ad:07a0] type 01 class 0x060400
Jan 31 16:49:47 cu-cs-vm kernel: [    0.227418] pci 0000:00:18.5: PME# supported from D0 D3hot D3cold
Jan 31 16:49:47 cu-cs-vm kernel: [    0.227833] pci 0000:00:18.6: [15ad:07a0] type 01 class 0x060400
Jan 31 16:49:47 cu-cs-vm kernel: [    0.228500] pci 0000:00:18.6: PME# supported from D0 D3hot D3cold
Jan 31 16:49:47 cu-cs-vm kernel: [    0.228773] pci 0000:00:18.7: [15ad:07a0] type 01 class 0x060400
Jan 31 16:49:47 cu-cs-vm kernel: [    0.229507] pci 0000:00:18.7: PME# supported from D0 D3hot D3cold
Jan 31 16:49:47 cu-cs-vm kernel: [    0.230175] pci 0000:00:01.0: PCI bridge to [bus 01]
Jan 31 16:49:47 cu-cs-vm kernel: [    0.230744] acpiphp: Slot [32] registered
Jan 31 16:49:47 cu-cs-vm kernel: [    0.230850] acpiphp: Slot [33] registered
Jan 31 16:49:47 cu-cs-vm kernel: [    0.230954] acpiphp: Slot [34] registered
Jan 31 16:49:47 cu-cs-vm kernel: [    0.231057] acpiphp: Slot [35] registered
Jan 31 16:49:47 cu-cs-vm kernel: [    0.231158] acpiphp: Slot [36] registered
Jan 31 16:49:47 cu-cs-vm kernel: [    0.231260] acpiphp: Slot [37] registered
Jan 31 16:49:47 cu-cs-vm kernel: [    0.231361] acpiphp: Slot [38] registered
Jan 31 16:49:47 cu-cs-vm kernel: [    0.231462] acpiphp: Slot [39] registered
Jan 31 16:49:47 cu-cs-vm kernel: [    0.231563] acpiphp: Slot [40] registered
Jan 31 16:49:47 cu-cs-vm kernel: [    0.231665] acpiphp: Slot [41] registered
Jan 31 16:49:47 cu-cs-vm kernel: [    0.231766] acpiphp: Slot [42] registered
Jan 31 16:49:47 cu-cs-vm kernel: [    0.231898] acpiphp: Slot [43] registered
Jan 31 16:49:47 cu-cs-vm kernel: [    0.232013] acpiphp: Slot [44] registered
Jan 31 16:49:47 cu-cs-vm kernel: [    0.232106] acpiphp: Slot [45] registered
Jan 31 16:49:47 cu-cs-vm kernel: [    0.232214] acpiphp: Slot [46] registered
Jan 31 16:49:47 cu-cs-vm kernel: [    0.232307] acpiphp: Slot [47] registered
Jan 31 16:49:47 cu-cs-vm kernel: [    0.232414] acpiphp: Slot [48] registered
Jan 31 16:49:47 cu-cs-vm kernel: [    0.232507] acpiphp: Slot [49] registered
Jan 31 16:49:47 cu-cs-vm kernel: [    0.232598] acpiphp: Slot [50] registered
Jan 31 16:49:47 cu-cs-vm kernel: [    0.232690] acpiphp: Slot [51] registered
Jan 31 16:49:47 cu-cs-vm kernel: [    0.232781] acpiphp: Slot [52] registered
Jan 31 16:49:47 cu-cs-vm kernel: [    0.232873] acpiphp: Slot [53] registered
Jan 31 16:49:47 cu-cs-vm kernel: [    0.232977] acpiphp: Slot [54] registered
Jan 31 16:49:47 cu-cs-vm kernel: [    0.233069] acpiphp: Slot [55] registered
Jan 31 16:49:47 cu-cs-vm kernel: [    0.233161] acpiphp: Slot [56] registered
Jan 31 16:49:47 cu-cs-vm kernel: [    0.233281] acpiphp: Slot [57] registered
Jan 31 16:49:47 cu-cs-vm kernel: [    0.233387] acpiphp: Slot [58] registered
Jan 31 16:49:47 cu-cs-vm kernel: [    0.233494] acpiphp: Slot [59] registered
Jan 31 16:49:47 cu-cs-vm kernel: [    0.233587] acpiphp: Slot [60] registered
Jan 31 16:49:47 cu-cs-vm kernel: [    0.233679] acpiphp: Slot [61] registered
Jan 31 16:49:47 cu-cs-vm kernel: [    0.233771] acpiphp: Slot [62] registered
Jan 31 16:49:47 cu-cs-vm kernel: [    0.233862] acpiphp: Slot [63] registered
Jan 31 16:49:47 cu-cs-vm kernel: [    0.234016] pci 0000:02:00.0: [15ad:0774] type 00 class 0x0c0300
Jan 31 16:49:47 cu-cs-vm kernel: [    0.235802] pci 0000:02:00.0: reg 0x20: [io  0x2040-0x205f]
Jan 31 16:49:47 cu-cs-vm kernel: [    0.236697] pci 0000:02:01.0: [8086:100f] type 00 class 0x020000
Jan 31 16:49:47 cu-cs-vm kernel: [    0.238124] pci 0000:02:01.0: reg 0x10: [mem 0xfd5c0000-0xfd5dffff 64bit]
Jan 31 16:49:47 cu-cs-vm kernel: [    0.239483] pci 0000:02:01.0: reg 0x18: [mem 0xfdff0000-0xfdffffff 64bit]
Jan 31 16:49:47 cu-cs-vm kernel: [    0.240632] pci 0000:02:01.0: reg 0x20: [io  0x2000-0x203f]
Jan 31 16:49:47 cu-cs-vm kernel: [    0.243301] pci 0000:02:01.0: reg 0x30: [mem 0x00000000-0x0000ffff pref]
Jan 31 16:49:47 cu-cs-vm kernel: [    0.243611] pci 0000:02:01.0: PME# supported from D0 D3hot D3cold
Jan 31 16:49:47 cu-cs-vm kernel: [    0.243845] pci 0000:02:02.0: [15ad:0770] type 00 class 0x0c0320
Jan 31 16:49:47 cu-cs-vm kernel: [    0.244388] pci 0000:02:02.0: reg 0x10: [mem 0xfd5ef000-0xfd5effff]
Jan 31 16:49:47 cu-cs-vm kernel: [    0.248552] pci 0000:02:04.0: [15ad:07e0] type 00 class 0x010601
Jan 31 16:49:47 cu-cs-vm kernel: [    0.252018] pci 0000:02:04.0: reg 0x24: [mem 0xfd5ee000-0xfd5eefff]
Jan 31 16:49:47 cu-cs-vm kernel: [    0.252600] pci 0000:02:04.0: reg 0x30: [mem 0x00000000-0x0000ffff pref]
Jan 31 16:49:47 cu-cs-vm kernel: [    0.252997] pci 0000:02:04.0: PME# supported from D3hot
Jan 31 16:49:47 cu-cs-vm kernel: [    0.253433] pci 0000:00:11.0: PCI bridge to [bus 02] (subtractive decode)
Jan 31 16:49:47 cu-cs-vm kernel: [    0.253554] pci 0000:00:11.0:   bridge window [io  0x2000-0x3fff]
Jan 31 16:49:47 cu-cs-vm kernel: [    0.253574] pci 0000:00:11.0:   bridge window [mem 0xfd500000-0xfdffffff]
Jan 31 16:49:47 cu-cs-vm kernel: [    0.253612] pci 0000:00:11.0:   bridge window [mem 0xe7b00000-0xe7ffffff 64bit pref]
Jan 31 16:49:47 cu-cs-vm kernel: [    0.253613] pci 0000:00:11.0:   bridge window [mem 0x000a0000-0x000bffff window] (subtractive decode)
Jan 31 16:49:47 cu-cs-vm kernel: [    0.253614] pci 0000:00:11.0:   bridge window [mem 0x000cc000-0x000cffff window] (subtractive decode)
Jan 31 16:49:47 cu-cs-vm kernel: [    0.253615] pci 0000:00:11.0:   bridge window [mem 0x000d0000-0x000d3fff window] (subtractive decode)
Jan 31 16:49:47 cu-cs-vm kernel: [    0.253616] pci 0000:00:11.0:   bridge window [mem 0x000d4000-0x000d7fff window] (subtractive decode)
Jan 31 16:49:47 cu-cs-vm kernel: [    0.253617] pci 0000:00:11.0:   bridge window [mem 0x000d8000-0x000dbfff window] (subtractive decode)
Jan 31 16:49:47 cu-cs-vm kernel: [    0.253618] pci 0000:00:11.0:   bridge window [mem 0xc0000000-0xfebfffff window] (subtractive decode)
Jan 31 16:49:47 cu-cs-vm kernel: [    0.253619] pci 0000:00:11.0:   bridge window [io  0x0000-0x0cf7 window] (subtractive decode)
Jan 31 16:49:47 cu-cs-vm kernel: [    0.253620] pci 0000:00:11.0:   bridge window [io  0x0d00-0xfeff window] (subtractive decode)
Jan 31 16:49:47 cu-cs-vm kernel: [    0.254091] pci 0000:00:15.0: PCI bridge to [bus 03]
Jan 31 16:49:47 cu-cs-vm kernel: [    0.254194] pci 0000:00:15.0:   bridge window [io  0x4000-0x4fff]
Jan 31 16:49:47 cu-cs-vm kernel: [    0.254213] pci 0000:00:15.0:   bridge window [mem 0xfd400000-0xfd4fffff]
Jan 31 16:49:47 cu-cs-vm kernel: [    0.254251] pci 0000:00:15.0:   bridge window [mem 0xe7a00000-0xe7afffff 64bit pref]
Jan 31 16:49:47 cu-cs-vm kernel: [    0.254543] pci 0000:00:15.1: PCI bridge to [bus 04]
Jan 31 16:49:47 cu-cs-vm kernel: [    0.254645] pci 0000:00:15.1:   bridge window [io  0x8000-0x8fff]
Jan 31 16:49:47 cu-cs-vm kernel: [    0.254665] pci 0000:00:15.1:   bridge window [mem 0xfd000000-0xfd0fffff]
Jan 31 16:49:47 cu-cs-vm kernel: [    0.254702] pci 0000:00:15.1:   bridge window [mem 0xe7600000-0xe76fffff 64bit pref]
Jan 31 16:49:47 cu-cs-vm kernel: [    0.255021] pci 0000:00:15.2: PCI bridge to [bus 05]
Jan 31 16:49:47 cu-cs-vm kernel: [    0.255123] pci 0000:00:15.2:   bridge window [io  0xc000-0xcfff]
Jan 31 16:49:47 cu-cs-vm kernel: [    0.255142] pci 0000:00:15.2:   bridge window [mem 0xfcc00000-0xfccfffff]
Jan 31 16:49:47 cu-cs-vm kernel: [    0.255179] pci 0000:00:15.2:   bridge window [mem 0xe7200000-0xe72fffff 64bit pref]
Jan 31 16:49:47 cu-cs-vm kernel: [    0.255467] pci 0000:00:15.3: PCI bridge to [bus 06]
Jan 31 16:49:47 cu-cs-vm kernel: [    0.255599] pci 0000:00:15.3:   bridge window [mem 0xfc800000-0xfc8fffff]
Jan 31 16:49:47 cu-cs-vm kernel: [    0.255636] pci 0000:00:15.3:   bridge window [mem 0xe6e00000-0xe6efffff 64bit pref]
Jan 31 16:49:47 cu-cs-vm kernel: [    0.255940] pci 0000:00:15.4: PCI bridge to [bus 07]
Jan 31 16:49:47 cu-cs-vm kernel: [    0.256040] pci 0000:00:15.4:   bridge window [mem 0xfc400000-0xfc4fffff]
Jan 31 16:49:47 cu-cs-vm kernel: [    0.256077] pci 0000:00:15.4:   bridge window [mem 0xe6a00000-0xe6afffff 64bit pref]
Jan 31 16:49:47 cu-cs-vm kernel: [    0.256439] pci 0000:00:15.5: PCI bridge to [bus 08]
Jan 31 16:49:47 cu-cs-vm kernel: [    0.256576] pci 0000:00:15.5:   bridge window [mem 0xfc000000-0xfc0fffff]
Jan 31 16:49:47 cu-cs-vm kernel: [    0.256616] pci 0000:00:15.5:   bridge window [mem 0xe6600000-0xe66fffff 64bit pref]
Jan 31 16:49:47 cu-cs-vm kernel: [    0.256938] pci 0000:00:15.6: PCI bridge to [bus 09]
Jan 31 16:49:47 cu-cs-vm kernel: [    0.257057] pci 0000:00:15.6:   bridge window [mem 0xfbc00000-0xfbcfffff]
Jan 31 16:49:47 cu-cs-vm kernel: [    0.257094] pci 0000:00:15.6:   bridge window [mem 0xe6200000-0xe62fffff 64bit pref]
Jan 31 16:49:47 cu-cs-vm kernel: [    0.257380] pci 0000:00:15.7: PCI bridge to [bus 0a]
Jan 31 16:49:47 cu-cs-vm kernel: [    0.257500] pci 0000:00:15.7:   bridge window [mem 0xfb800000-0xfb8fffff]
Jan 31 16:49:47 cu-cs-vm kernel: [    0.257537] pci 0000:00:15.7:   bridge window [mem 0xe5e00000-0xe5efffff 64bit pref]
Jan 31 16:49:47 cu-cs-vm kernel: [    0.257855] pci 0000:00:16.0: PCI bridge to [bus 0b]
Jan 31 16:49:47 cu-cs-vm kernel: [    0.257957] pci 0000:00:16.0:   bridge window [io  0x5000-0x5fff]
Jan 31 16:49:47 cu-cs-vm kernel: [    0.257977] pci 0000:00:16.0:   bridge window [mem 0xfd300000-0xfd3fffff]
Jan 31 16:49:47 cu-cs-vm kernel: [    0.258014] pci 0000:00:16.0:   bridge window [mem 0xe7900000-0xe79fffff 64bit pref]
Jan 31 16:49:47 cu-cs-vm kernel: [    0.258318] pci 0000:00:16.1: PCI bridge to [bus 0c]
Jan 31 16:49:47 cu-cs-vm kernel: [    0.258420] pci 0000:00:16.1:   bridge window [io  0x9000-0x9fff]
Jan 31 16:49:47 cu-cs-vm kernel: [    0.258439] pci 0000:00:16.1:   bridge window [mem 0xfcf00000-0xfcffffff]
Jan 31 16:49:47 cu-cs-vm kernel: [    0.258477] pci 0000:00:16.1:   bridge window [mem 0xe7500000-0xe75fffff 64bit pref]
Jan 31 16:49:47 cu-cs-vm kernel: [    0.258763] pci 0000:00:16.2: PCI bridge to [bus 0d]
Jan 31 16:49:47 cu-cs-vm kernel: [    0.258864] pci 0000:00:16.2:   bridge window [io  0xd000-0xdfff]
Jan 31 16:49:47 cu-cs-vm kernel: [    0.258884] pci 0000:00:16.2:   bridge window [mem 0xfcb00000-0xfcbfffff]
Jan 31 16:49:47 cu-cs-vm kernel: [    0.258921] pci 0000:00:16.2:   bridge window [mem 0xe7100000-0xe71fffff 64bit pref]
Jan 31 16:49:47 cu-cs-vm kernel: [    0.259237] pci 0000:00:16.3: PCI bridge to [bus 0e]
Jan 31 16:49:47 cu-cs-vm kernel: [    0.259357] pci 0000:00:16.3:   bridge window [mem 0xfc700000-0xfc7fffff]
Jan 31 16:49:47 cu-cs-vm kernel: [    0.259395] pci 0000:00:16.3:   bridge window [mem 0xe6d00000-0xe6dfffff 64bit pref]
Jan 31 16:49:47 cu-cs-vm kernel: [    0.259681] pci 0000:00:16.4: PCI bridge to [bus 0f]
Jan 31 16:49:47 cu-cs-vm kernel: [    0.259828] pci 0000:00:16.4:   bridge window [mem 0xfc300000-0xfc3fffff]
Jan 31 16:49:47 cu-cs-vm kernel: [    0.259879] pci 0000:00:16.4:   bridge window [mem 0xe6900000-0xe69fffff 64bit pref]
Jan 31 16:49:47 cu-cs-vm kernel: [    0.260250] pci 0000:00:16.5: PCI bridge to [bus 10]
Jan 31 16:49:47 cu-cs-vm kernel: [    0.260401] pci 0000:00:16.5:   bridge window [mem 0xfbf00000-0xfbffffff]
Jan 31 16:49:47 cu-cs-vm kernel: [    0.260439] pci 0000:00:16.5:   bridge window [mem 0xe6500000-0xe65fffff 64bit pref]
Jan 31 16:49:47 cu-cs-vm kernel: [    0.260815] pci 0000:00:16.6: PCI bridge to [bus 11]
Jan 31 16:49:47 cu-cs-vm kernel: [    0.260943] pci 0000:00:16.6:   bridge window [mem 0xfbb00000-0xfbbfffff]
Jan 31 16:49:47 cu-cs-vm kernel: [    0.260983] pci 0000:00:16.6:   bridge window [mem 0xe6100000-0xe61fffff 64bit pref]
Jan 31 16:49:47 cu-cs-vm kernel: [    0.261291] pci 0000:00:16.7: PCI bridge to [bus 12]
Jan 31 16:49:47 cu-cs-vm kernel: [    0.261418] pci 0000:00:16.7:   bridge window [mem 0xfb700000-0xfb7fffff]
Jan 31 16:49:47 cu-cs-vm kernel: [    0.261458] pci 0000:00:16.7:   bridge window [mem 0xe5d00000-0xe5dfffff 64bit pref]
Jan 31 16:49:47 cu-cs-vm kernel: [    0.261884] pci 0000:00:17.0: PCI bridge to [bus 13]
Jan 31 16:49:47 cu-cs-vm kernel: [    0.261993] pci 0000:00:17.0:   bridge window [io  0x6000-0x6fff]
Jan 31 16:49:47 cu-cs-vm kernel: [    0.262014] pci 0000:00:17.0:   bridge window [mem 0xfd200000-0xfd2fffff]
Jan 31 16:49:47 cu-cs-vm kernel: [    0.262054] pci 0000:00:17.0:   bridge window [mem 0xe7800000-0xe78fffff 64bit pref]
Jan 31 16:49:47 cu-cs-vm kernel: [    0.262413] pci 0000:00:17.1: PCI bridge to [bus 14]
Jan 31 16:49:47 cu-cs-vm kernel: [    0.262522] pci 0000:00:17.1:   bridge window [io  0xa000-0xafff]
Jan 31 16:49:47 cu-cs-vm kernel: [    0.262543] pci 0000:00:17.1:   bridge window [mem 0xfce00000-0xfcefffff]
Jan 31 16:49:47 cu-cs-vm kernel: [    0.262583] pci 0000:00:17.1:   bridge window [mem 0xe7400000-0xe74fffff 64bit pref]
Jan 31 16:49:47 cu-cs-vm kernel: [    0.262924] pci 0000:00:17.2: PCI bridge to [bus 15]
Jan 31 16:49:47 cu-cs-vm kernel: [    0.263032] pci 0000:00:17.2:   bridge window [io  0xe000-0xefff]
Jan 31 16:49:47 cu-cs-vm kernel: [    0.263053] pci 0000:00:17.2:   bridge window [mem 0xfca00000-0xfcafffff]
Jan 31 16:49:47 cu-cs-vm kernel: [    0.263093] pci 0000:00:17.2:   bridge window [mem 0xe7000000-0xe70fffff 64bit pref]
Jan 31 16:49:47 cu-cs-vm kernel: [    0.263400] pci 0000:00:17.3: PCI bridge to [bus 16]
Jan 31 16:49:47 cu-cs-vm kernel: [    0.264041] pci 0000:00:17.3:   bridge window [mem 0xfc600000-0xfc6fffff]
Jan 31 16:49:47 cu-cs-vm kernel: [    0.264077] pci 0000:00:17.3:   bridge window [mem 0xe6c00000-0xe6cfffff 64bit pref]
Jan 31 16:49:47 cu-cs-vm kernel: [    0.264392] pci 0000:00:17.4: PCI bridge to [bus 17]
Jan 31 16:49:47 cu-cs-vm kernel: [    0.264526] pci 0000:00:17.4:   bridge window [mem 0xfc200000-0xfc2fffff]
Jan 31 16:49:47 cu-cs-vm kernel: [    0.264565] pci 0000:00:17.4:   bridge window [mem 0xe6800000-0xe68fffff 64bit pref]
Jan 31 16:49:47 cu-cs-vm kernel: [    0.264867] pci 0000:00:17.5: PCI bridge to [bus 18]
Jan 31 16:49:47 cu-cs-vm kernel: [    0.264994] pci 0000:00:17.5:   bridge window [mem 0xfbe00000-0xfbefffff]
Jan 31 16:49:47 cu-cs-vm kernel: [    0.265033] pci 0000:00:17.5:   bridge window [mem 0xe6400000-0xe64fffff 64bit pref]
Jan 31 16:49:47 cu-cs-vm kernel: [    0.265333] pci 0000:00:17.6: PCI bridge to [bus 19]
Jan 31 16:49:47 cu-cs-vm kernel: [    0.265460] pci 0000:00:17.6:   bridge window [mem 0xfba00000-0xfbafffff]
Jan 31 16:49:47 cu-cs-vm kernel: [    0.265498] pci 0000:00:17.6:   bridge window [mem 0xe6000000-0xe60fffff 64bit pref]
Jan 31 16:49:47 cu-cs-vm kernel: [    0.265837] pci 0000:00:17.7: PCI bridge to [bus 1a]
Jan 31 16:49:47 cu-cs-vm kernel: [    0.265956] pci 0000:00:17.7:   bridge window [mem 0xfb600000-0xfb6fffff]
Jan 31 16:49:47 cu-cs-vm kernel: [    0.265992] pci 0000:00:17.7:   bridge window [mem 0xe5c00000-0xe5cfffff 64bit pref]
Jan 31 16:49:47 cu-cs-vm kernel: [    0.266304] pci 0000:00:18.0: PCI bridge to [bus 1b]
Jan 31 16:49:47 cu-cs-vm kernel: [    0.266405] pci 0000:00:18.0:   bridge window [io  0x7000-0x7fff]
Jan 31 16:49:47 cu-cs-vm kernel: [    0.266424] pci 0000:00:18.0:   bridge window [mem 0xfd100000-0xfd1fffff]
Jan 31 16:49:47 cu-cs-vm kernel: [    0.266461] pci 0000:00:18.0:   bridge window [mem 0xe7700000-0xe77fffff 64bit pref]
Jan 31 16:49:47 cu-cs-vm kernel: [    0.266761] pci 0000:00:18.1: PCI bridge to [bus 1c]
Jan 31 16:49:47 cu-cs-vm kernel: [    0.266862] pci 0000:00:18.1:   bridge window [io  0xb000-0xbfff]
Jan 31 16:49:47 cu-cs-vm kernel: [    0.266882] pci 0000:00:18.1:   bridge window [mem 0xfcd00000-0xfcdfffff]
Jan 31 16:49:47 cu-cs-vm kernel: [    0.266918] pci 0000:00:18.1:   bridge window [mem 0xe7300000-0xe73fffff 64bit pref]
Jan 31 16:49:47 cu-cs-vm kernel: [    0.267229] pci 0000:00:18.2: PCI bridge to [bus 1d]
Jan 31 16:49:47 cu-cs-vm kernel: [    0.267348] pci 0000:00:18.2:   bridge window [mem 0xfc900000-0xfc9fffff]
Jan 31 16:49:47 cu-cs-vm kernel: [    0.267385] pci 0000:00:18.2:   bridge window [mem 0xe6f00000-0xe6ffffff 64bit pref]
Jan 31 16:49:47 cu-cs-vm kernel: [    0.267690] pci 0000:00:18.3: PCI bridge to [bus 1e]
Jan 31 16:49:47 cu-cs-vm kernel: [    0.267810] pci 0000:00:18.3:   bridge window [mem 0xfc500000-0xfc5fffff]
Jan 31 16:49:47 cu-cs-vm kernel: [    0.267847] pci 0000:00:18.3:   bridge window [mem 0xe6b00000-0xe6bfffff 64bit pref]
Jan 31 16:49:47 cu-cs-vm kernel: [    0.268170] pci 0000:00:18.4: PCI bridge to [bus 1f]
Jan 31 16:49:47 cu-cs-vm kernel: [    0.268290] pci 0000:00:18.4:   bridge window [mem 0xfc100000-0xfc1fffff]
Jan 31 16:49:47 cu-cs-vm kernel: [    0.268327] pci 0000:00:18.4:   bridge window [mem 0xe6700000-0xe67fffff 64bit pref]
Jan 31 16:49:47 cu-cs-vm kernel: [    0.268615] pci 0000:00:18.5: PCI bridge to [bus 20]
Jan 31 16:49:47 cu-cs-vm kernel: [    0.268735] pci 0000:00:18.5:   bridge window [mem 0xfbd00000-0xfbdfffff]
Jan 31 16:49:47 cu-cs-vm kernel: [    0.268772] pci 0000:00:18.5:   bridge window [mem 0xe6300000-0xe63fffff 64bit pref]
Jan 31 16:49:47 cu-cs-vm kernel: [    0.269059] pci 0000:00:18.6: PCI bridge to [bus 21]
Jan 31 16:49:47 cu-cs-vm kernel: [    0.269190] pci 0000:00:18.6:   bridge window [mem 0xfb900000-0xfb9fffff]
Jan 31 16:49:47 cu-cs-vm kernel: [    0.269227] pci 0000:00:18.6:   bridge window [mem 0xe5f00000-0xe5ffffff 64bit pref]
Jan 31 16:49:47 cu-cs-vm kernel: [    0.269539] pci 0000:00:18.7: PCI bridge to [bus 22]
Jan 31 16:49:47 cu-cs-vm kernel: [    0.269715] pci 0000:00:18.7:   bridge window [mem 0xfb500000-0xfb5fffff]
Jan 31 16:49:47 cu-cs-vm kernel: [    0.269752] pci 0000:00:18.7:   bridge window [mem 0xe5b00000-0xe5bfffff 64bit pref]
Jan 31 16:49:47 cu-cs-vm kernel: [    0.271928] ACPI: PCI Interrupt Link [LNKA] (IRQs 3 4 5 6 7 *9 10 11 14 15)
Jan 31 16:49:47 cu-cs-vm kernel: [    0.272081] ACPI: PCI Interrupt Link [LNKB] (IRQs 3 4 5 6 7 9 10 11 14 15) *0, disabled.
Jan 31 16:49:47 cu-cs-vm kernel: [    0.272297] ACPI: PCI Interrupt Link [LNKC] (IRQs 3 4 5 6 7 9 10 *11 14 15)
Jan 31 16:49:47 cu-cs-vm kernel: [    0.272464] ACPI: PCI Interrupt Link [LNKD] (IRQs 3 4 5 6 7 9 *10 11 14 15)
Jan 31 16:49:47 cu-cs-vm kernel: [    0.284773] SCSI subsystem initialized
Jan 31 16:49:47 cu-cs-vm kernel: [    0.284971] libata version 3.00 loaded.
Jan 31 16:49:47 cu-cs-vm kernel: [    0.284971] pci 0000:00:0f.0: vgaarb: setting as boot VGA device
Jan 31 16:49:47 cu-cs-vm kernel: [    0.284971] pci 0000:00:0f.0: vgaarb: VGA device added: decodes=io+mem,owns=io+mem,locks=none
Jan 31 16:49:47 cu-cs-vm kernel: [    0.284971] pci 0000:00:0f.0: vgaarb: bridge control possible
Jan 31 16:49:47 cu-cs-vm kernel: [    0.284971] vgaarb: loaded
Jan 31 16:49:47 cu-cs-vm kernel: [    0.284971] ACPI: bus type USB registered
Jan 31 16:49:47 cu-cs-vm kernel: [    0.284971] usbcore: registered new interface driver usbfs
Jan 31 16:49:47 cu-cs-vm kernel: [    0.284971] usbcore: registered new interface driver hub
Jan 31 16:49:47 cu-cs-vm kernel: [    0.284971] usbcore: registered new device driver usb
Jan 31 16:49:47 cu-cs-vm kernel: [    0.284974] EDAC MC: Ver: 3.0.0
Jan 31 16:49:47 cu-cs-vm kernel: [    0.285450] PCI: Using ACPI for IRQ routing
Jan 31 16:49:47 cu-cs-vm kernel: [    0.314233] PCI: pci_cache_line_size set to 64 bytes
Jan 31 16:49:47 cu-cs-vm kernel: [    0.315042] e820: reserve RAM buffer [mem 0x0009e800-0x0009ffff]
Jan 31 16:49:47 cu-cs-vm kernel: [    0.315045] e820: reserve RAM buffer [mem 0x7fee0000-0x7fffffff]
Jan 31 16:49:47 cu-cs-vm kernel: [    0.315214] NetLabel: Initializing
Jan 31 16:49:47 cu-cs-vm kernel: [    0.315294] NetLabel:  domain hash size = 128
Jan 31 16:49:47 cu-cs-vm kernel: [    0.315371] NetLabel:  protocols = UNLABELED CIPSOv4 CALIPSO
Jan 31 16:49:47 cu-cs-vm kernel: [    0.315571] NetLabel:  unlabeled traffic allowed by default
Jan 31 16:49:47 cu-cs-vm kernel: [    0.316112] clocksource: Switched to clocksource refined-jiffies
Jan 31 16:49:47 cu-cs-vm kernel: [    0.350930] VFS: Disk quotas dquot_6.6.0
Jan 31 16:49:47 cu-cs-vm kernel: [    0.351088] VFS: Dquot-cache hash table entries: 512 (order 0, 4096 bytes)
Jan 31 16:49:47 cu-cs-vm kernel: [    0.351708] AppArmor: AppArmor Filesystem Enabled
Jan 31 16:49:47 cu-cs-vm kernel: [    0.351892] pnp: PnP ACPI init
Jan 31 16:49:47 cu-cs-vm kernel: [    0.352142] system 00:00: [io  0x1000-0x103f] has been reserved
Jan 31 16:49:47 cu-cs-vm kernel: [    0.352232] system 00:00: [io  0x1040-0x104f] has been reserved
Jan 31 16:49:47 cu-cs-vm kernel: [    0.352321] system 00:00: [io  0x0cf0-0x0cf1] has been reserved
Jan 31 16:49:47 cu-cs-vm kernel: [    0.352411] system 00:00: Plug and Play ACPI device, IDs PNP0c02 (active)
Jan 31 16:49:47 cu-cs-vm kernel: [    0.352467] pnp 00:01: Plug and Play ACPI device, IDs PNP0b00 (active)
Jan 31 16:49:47 cu-cs-vm kernel: [    0.352487] pnp 00:02: Plug and Play ACPI device, IDs PNP0303 (active)
Jan 31 16:49:47 cu-cs-vm kernel: [    0.352501] pnp 00:03: Plug and Play ACPI device, IDs VMW0003 PNP0f13 (active)
Jan 31 16:49:47 cu-cs-vm kernel: [    0.354095] system 00:04: [io  0xfce0-0xfcff] has been reserved
Jan 31 16:49:47 cu-cs-vm kernel: [    0.354188] system 00:04: [mem 0xf0000000-0xf7ffffff] has been reserved
Jan 31 16:49:47 cu-cs-vm kernel: [    0.354282] system 00:04: [mem 0xfe800000-0xfe9fffff] has been reserved
Jan 31 16:49:47 cu-cs-vm kernel: [    0.354375] system 00:04: Plug and Play ACPI device, IDs PNP0c02 (active)
Jan 31 16:49:47 cu-cs-vm kernel: [    0.359689] pnp: PnP ACPI: found 5 devices
Jan 31 16:49:47 cu-cs-vm kernel: [    0.369926] clocksource: acpi_pm: mask: 0xffffff max_cycles: 0xffffff, max_idle_ns: 2085701024 ns
Jan 31 16:49:47 cu-cs-vm kernel: [    0.370121] clocksource: Switched to clocksource acpi_pm
Jan 31 16:49:47 cu-cs-vm kernel: [    0.370536] pci 0000:00:15.3: bridge window [io  0x1000-0x0fff] to [bus 06] add_size 1000
Jan 31 16:49:47 cu-cs-vm kernel: [    0.370597] pci 0000:00:15.4: bridge window [io  0x1000-0x0fff] to [bus 07] add_size 1000
Jan 31 16:49:47 cu-cs-vm kernel: [    0.370659] pci 0000:00:15.5: bridge window [io  0x1000-0x0fff] to [bus 08] add_size 1000
Jan 31 16:49:47 cu-cs-vm kernel: [    0.370721] pci 0000:00:15.6: bridge window [io  0x1000-0x0fff] to [bus 09] add_size 1000
Jan 31 16:49:47 cu-cs-vm kernel: [    0.370780] pci 0000:00:15.7: bridge window [io  0x1000-0x0fff] to [bus 0a] add_size 1000
Jan 31 16:49:47 cu-cs-vm kernel: [    0.371009] pci 0000:00:16.3: bridge window [io  0x1000-0x0fff] to [bus 0e] add_size 1000
Jan 31 16:49:47 cu-cs-vm kernel: [    0.371064] pci 0000:00:16.4: bridge window [io  0x1000-0x0fff] to [bus 0f] add_size 1000
Jan 31 16:49:47 cu-cs-vm kernel: [    0.371135] pci 0000:00:16.5: bridge window [io  0x1000-0x0fff] to [bus 10] add_size 1000
Jan 31 16:49:47 cu-cs-vm kernel: [    0.371191] pci 0000:00:16.6: bridge window [io  0x1000-0x0fff] to [bus 11] add_size 1000
Jan 31 16:49:47 cu-cs-vm kernel: [    0.371247] pci 0000:00:16.7: bridge window [io  0x1000-0x0fff] to [bus 12] add_size 1000
Jan 31 16:49:47 cu-cs-vm kernel: [    0.371464] pci 0000:00:17.3: bridge window [io  0x1000-0x0fff] to [bus 16] add_size 1000
Jan 31 16:49:47 cu-cs-vm kernel: [    0.371547] pci 0000:00:17.4: bridge window [io  0x1000-0x0fff] to [bus 17] add_size 1000
Jan 31 16:49:47 cu-cs-vm kernel: [    0.371604] pci 0000:00:17.5: bridge window [io  0x1000-0x0fff] to [bus 18] add_size 1000
Jan 31 16:49:47 cu-cs-vm kernel: [    0.371660] pci 0000:00:17.6: bridge window [io  0x1000-0x0fff] to [bus 19] add_size 1000
Jan 31 16:49:47 cu-cs-vm kernel: [    0.371716] pci 0000:00:17.7: bridge window [io  0x1000-0x0fff] to [bus 1a] add_size 1000
Jan 31 16:49:47 cu-cs-vm kernel: [    0.371879] pci 0000:00:18.2: bridge window [io  0x1000-0x0fff] to [bus 1d] add_size 1000
Jan 31 16:49:47 cu-cs-vm kernel: [    0.371950] pci 0000:00:18.3: bridge window [io  0x1000-0x0fff] to [bus 1e] add_size 1000
Jan 31 16:49:47 cu-cs-vm kernel: [    0.371950] pci 0000:00:18.4: bridge window [io  0x1000-0x0fff] to [bus 1f] add_size 1000
Jan 31 16:49:47 cu-cs-vm kernel: [    0.371950] pci 0000:00:18.5: bridge window [io  0x1000-0x0fff] to [bus 20] add_size 1000
Jan 31 16:49:47 cu-cs-vm kernel: [    0.371950] pci 0000:00:18.6: bridge window [io  0x1000-0x0fff] to [bus 21] add_size 1000
Jan 31 16:49:47 cu-cs-vm kernel: [    0.371950] pci 0000:00:18.7: bridge window [io  0x1000-0x0fff] to [bus 22] add_size 1000
Jan 31 16:49:47 cu-cs-vm kernel: [    0.371950] pci 0000:00:0f.0: BAR 6: assigned [mem 0xc0000000-0xc0007fff pref]
Jan 31 16:49:47 cu-cs-vm kernel: [    0.371950] pci 0000:00:15.3: BAR 13: no space for [io  size 0x1000]
Jan 31 16:49:47 cu-cs-vm kernel: [    0.371950] pci 0000:00:15.3: BAR 13: failed to assign [io  size 0x1000]
Jan 31 16:49:47 cu-cs-vm kernel: [    0.371950] pci 0000:00:15.4: BAR 13: no space for [io  size 0x1000]
Jan 31 16:49:47 cu-cs-vm kernel: [    0.371950] pci 0000:00:15.4: BAR 13: failed to assign [io  size 0x1000]
Jan 31 16:49:47 cu-cs-vm kernel: [    0.371950] pci 0000:00:15.5: BAR 13: no space for [io  size 0x1000]
Jan 31 16:49:47 cu-cs-vm kernel: [    0.371950] pci 0000:00:15.5: BAR 13: failed to assign [io  size 0x1000]
Jan 31 16:49:47 cu-cs-vm kernel: [    0.371950] pci 0000:00:15.6: BAR 13: no space for [io  size 0x1000]
